Component: ARM Compiler 5.06 update 6 (build 750) Tool: armlink [4d35ed]

==============================================================================

Section Cross References

    main.o(.text) refers to mpf662xx_uart.o(.text) for UART_WriteByte
    main.o(.text) refers to mpf662xx_port.o(.text) for PORT_Init
    main.o(.text) refers to system_mpf662xx.o(.text) for SystemInit
    main.o(.text) refers to mpf662xx_gpio.o(.text) for GPIO_Init
    main.o(.text) refers to mpf662xx_adc.o(.text) for ADC_Init
    main.o(.text) refers to mpf662xx_timr.o(.text) for TIMR_Init
    main.o(.text) refers to dflti.o(.text) for __aeabi_i2d
    main.o(.text) refers to dmul.o(.text) for __aeabi_dmul
    main.o(.text) refers to d2f.o(.text) for __aeabi_d2f
    main.o(.text) refers to fdiv.o(.text) for __aeabi_fdiv
    main.o(.text) refers to f2d.o(.text) for __aeabi_f2d
    main.o(.text) refers to sqrt.o(i.sqrt) for sqrt
    main.o(.text) refers to roundf.o(i.roundf) for roundf
    main.o(.text) refers to ffixui.o(.text) for __aeabi_f2uiz
    main.o(.text) refers to main.o(.data) for .data
    main.o(.text) refers to main.o(.bss) for .bss
    main.o(.text) refers to system_mpf662xx.o(.data) for CyclesPerUs
    system_mpf662xx.o(.text) refers to uidiv.o(.text) for __aeabi_uidivmod
    system_mpf662xx.o(.text) refers to mpf662xx_port.o(.text) for PORT_Init
    system_mpf662xx.o(.text) refers to mpf662xx_flash.o(.text) for Flash_Param_at_xMHz
    system_mpf662xx.o(.text) refers to system_mpf662xx.o(.data) for .data
    startup_mpf662xx.o(RESET) refers to startup_mpf662xx.o(STACK) for __initial_sp
    startup_mpf662xx.o(RESET) refers to main.o(.text) for UART0_Handler
    startup_mpf662xx.o(RESET) refers to entry.o(.ARM.Collect$$$$00000000) for __main
    mpf662xx_adc.o(.text) refers to dfltui.o(.text) for __aeabi_ui2d
    mpf662xx_adc.o(.text) refers to dmul.o(.text) for __aeabi_dmul
    mpf662xx_adc.o(.text) refers to dfixui.o(.text) for __aeabi_d2uiz
    mpf662xx_adc.o(.text) refers to mpf662xx_adc.o(.data) for .data
    mpf662xx_flash.o(.text) refers to mpf662xx_flash.o(.data) for .data
    mpf662xx_gpio.o(.text) refers to mpf662xx_port.o(.text) for PORT_Init
    mpf662xx_i2c.o(.text) refers to uidiv.o(.text) for __aeabi_uidivmod
    mpf662xx_i2c.o(.text) refers to system_mpf662xx.o(.data) for SystemCoreClock
    mpf662xx_uart.o(.text) refers to uidiv.o(.text) for __aeabi_uidivmod
    mpf662xx_uart.o(.text) refers to system_mpf662xx.o(.data) for SystemCoreClock
    sqrt.o(i.__softfp_sqrt) refers (Special) to iusefp.o(.text) for __I$use$fp
    sqrt.o(i.__softfp_sqrt) refers to dsqrt.o(.text) for _dsqrt
    sqrt.o(i.__softfp_sqrt) refers to errno.o(i.__set_errno) for __set_errno
    sqrt.o(i.sqrt) refers (Special) to iusefp.o(.text) for __I$use$fp
    sqrt.o(i.sqrt) refers to dsqrt.o(.text) for _dsqrt
    sqrt.o(i.sqrt) refers to errno.o(i.__set_errno) for __set_errno
    sqrt_x.o(i.____softfp_sqrt$lsc) refers (Special) to iusefp.o(.text) for __I$use$fp
    sqrt_x.o(i.____softfp_sqrt$lsc) refers to cdcmple.o(.text) for __aeabi_cdcmple
    sqrt_x.o(i.____softfp_sqrt$lsc) refers to errno.o(i.__set_errno) for __set_errno
    sqrt_x.o(i.____softfp_sqrt$lsc) refers to dsqrt.o(.text) for _dsqrt
    sqrt_x.o(i.__sqrt$lsc) refers (Special) to iusefp.o(.text) for __I$use$fp
    sqrt_x.o(i.__sqrt$lsc) refers to cdcmple.o(.text) for __aeabi_cdcmple
    sqrt_x.o(i.__sqrt$lsc) refers to errno.o(i.__set_errno) for __set_errno
    sqrt_x.o(i.__sqrt$lsc) refers to dsqrt.o(.text) for _dsqrt
    roundf.o(i.roundf) refers (Special) to iusefp.o(.text) for __I$use$fp
    roundf.o(i.roundf) refers to frnd.o(.text) for _frnd
    roundf.o(i.roundf) refers to fadd.o(.text) for __aeabi_fsub
    entry.o(.ARM.Collect$$$$00000000) refers (Special) to entry10a.o(.ARM.Collect$$$$0000000D) for __rt_final_cpp
    entry.o(.ARM.Collect$$$$00000000) refers (Special) to entry11a.o(.ARM.Collect$$$$0000000F) for __rt_final_exit
    entry.o(.ARM.Collect$$$$00000000) refers (Special) to entry7b.o(.ARM.Collect$$$$00000008) for _main_clock
    entry.o(.ARM.Collect$$$$00000000) refers (Special) to entry8b.o(.ARM.Collect$$$$0000000A) for _main_cpp_init
    entry.o(.ARM.Collect$$$$00000000) refers (Special) to entry9a.o(.ARM.Collect$$$$0000000B) for _main_init
    entry.o(.ARM.Collect$$$$00000000) refers (Special) to entry5.o(.ARM.Collect$$$$00000004) for _main_scatterload
    entry.o(.ARM.Collect$$$$00000000) refers (Special) to entry2.o(.ARM.Collect$$$$00000001) for _main_stk
    fdiv.o(.text) refers (Special) to iusefp.o(.text) for __I$use$fp
    fdiv.o(.text) refers to fepilogue.o(.text) for _float_round
    dmul.o(.text) refers (Special) to iusefp.o(.text) for __I$use$fp
    dmul.o(.text) refers to depilogue.o(.text) for _double_epilogue
    dflti.o(.text) refers (Special) to iusefp.o(.text) for __I$use$fp
    dflti.o(.text) refers to depilogue.o(.text) for _double_epilogue
    dfltui.o(.text) refers (Special) to iusefp.o(.text) for __I$use$fp
    dfltui.o(.text) refers to depilogue.o(.text) for _double_epilogue
    ffixui.o(.text) refers (Special) to iusefp.o(.text) for __I$use$fp
    dfixui.o(.text) refers (Special) to iusefp.o(.text) for __I$use$fp
    dfixui.o(.text) refers to llushr.o(.text) for __aeabi_llsr
    f2d.o(.text) refers (Special) to iusefp.o(.text) for __I$use$fp
    d2f.o(.text) refers (Special) to iusefp.o(.text) for __I$use$fp
    d2f.o(.text) refers to fepilogue.o(.text) for _float_round
    entry2.o(.ARM.Collect$$$$00000001) refers to entry2.o(.ARM.Collect$$$$00002712) for __lit__00000000
    entry2.o(.ARM.Collect$$$$00002712) refers to startup_mpf662xx.o(STACK) for __initial_sp
    entry2.o(__vectab_stack_and_reset_area) refers to startup_mpf662xx.o(STACK) for __initial_sp
    entry2.o(__vectab_stack_and_reset_area) refers to entry.o(.ARM.Collect$$$$00000000) for __main
    entry5.o(.ARM.Collect$$$$00000004) refers to init.o(.text) for __scatterload
    entry9a.o(.ARM.Collect$$$$0000000B) refers to main.o(.text) for main
    entry9b.o(.ARM.Collect$$$$0000000C) refers to main.o(.text) for main
    errno.o(i.__aeabi_errno_addr) refers to errno.o(.data) for .data
    errno.o(i.__read_errno) refers to errno.o(.data) for .data
    errno.o(i.__set_errno) refers to errno.o(.data) for .data
    fadd.o(.text) refers to fepilogue.o(.text) for _float_epilogue
    frnd.o(.text) refers to fepilogue.o(.text) for _float_round
    depilogue.o(.text) refers to depilogue.o(i.__ARM_clz) for __ARM_clz
    depilogue.o(.text) refers to llshl.o(.text) for __aeabi_llsl
    depilogue.o(.text) refers to llushr.o(.text) for __aeabi_llsr
    dsqrt.o(.text) refers to llushr.o(.text) for __aeabi_llsr
    dsqrt.o(.text) refers to depilogue.o(.text) for _double_round
    init.o(.text) refers to entry5.o(.ARM.Collect$$$$00000004) for __main_after_scatterload


==============================================================================

Removing Unused input sections from the image.

    Removing main.o(.rev16_text), (4 bytes).
    Removing main.o(.revsh_text), (4 bytes).
    Removing main.o(.bss), (1600 bytes).
    Removing main.o(.bss), (1600 bytes).
    Removing main.o(.bss), (1600 bytes).
    Removing main.o(.data), (4 bytes).
    Removing main.o(.data), (4 bytes).
    Removing main.o(.data), (4 bytes).
    Removing main.o(.data), (4 bytes).
    Removing main.o(.data), (4 bytes).
    Removing main.o(.data), (4 bytes).
    Removing main.o(.data), (4 bytes).
    Removing main.o(.data), (4 bytes).
    Removing main.o(.data), (4 bytes).
    Removing main.o(.data), (4 bytes).
    Removing system_mpf662xx.o(.rev16_text), (4 bytes).
    Removing system_mpf662xx.o(.revsh_text), (4 bytes).
    Removing startup_mpf662xx.o(HEAP), (0 bytes).
    Removing mpf662xx_adc.o(.rev16_text), (4 bytes).
    Removing mpf662xx_adc.o(.revsh_text), (4 bytes).
    Removing mpf662xx_exti.o(.rev16_text), (4 bytes).
    Removing mpf662xx_exti.o(.revsh_text), (4 bytes).
    Removing mpf662xx_exti.o(.text), (150 bytes).
    Removing mpf662xx_flash.o(.rev16_text), (4 bytes).
    Removing mpf662xx_flash.o(.revsh_text), (4 bytes).
    Removing mpf662xx_gpio.o(.rev16_text), (4 bytes).
    Removing mpf662xx_gpio.o(.revsh_text), (4 bytes).
    Removing mpf662xx_i2c.o(.rev16_text), (4 bytes).
    Removing mpf662xx_i2c.o(.revsh_text), (4 bytes).
    Removing mpf662xx_i2c.o(.text), (492 bytes).
    Removing mpf662xx_port.o(.rev16_text), (4 bytes).
    Removing mpf662xx_port.o(.revsh_text), (4 bytes).
    Removing mpf662xx_pwm.o(.rev16_text), (4 bytes).
    Removing mpf662xx_pwm.o(.revsh_text), (4 bytes).
    Removing mpf662xx_pwm.o(.text), (860 bytes).
    Removing mpf662xx_timr.o(.rev16_text), (4 bytes).
    Removing mpf662xx_timr.o(.revsh_text), (4 bytes).
    Removing mpf662xx_uart.o(.rev16_text), (4 bytes).
    Removing mpf662xx_uart.o(.revsh_text), (4 bytes).
    Removing mpf662xx_wdt.o(.rev16_text), (4 bytes).
    Removing mpf662xx_wdt.o(.revsh_text), (4 bytes).
    Removing mpf662xx_wdt.o(.text), (164 bytes).
    Removing mpf662xx_dma.o(.rev16_text), (4 bytes).
    Removing mpf662xx_dma.o(.revsh_text), (4 bytes).
    Removing mpf662xx_dma.o(.text), (568 bytes).
    Removing mpf662xx_div.o(.rev16_text), (4 bytes).
    Removing mpf662xx_div.o(.revsh_text), (4 bytes).
    Removing mpf662xx_div.o(.text), (24 bytes).
    Removing cdcmple.o(.text), (40 bytes).

49 unused section(s) (total 7250 bytes) removed from the image.

==============================================================================

Image Symbol Table

    Local Symbols

    Symbol Name                              Value     Ov Type        Size  Object(Section)

    RESET                                    0x00000000   Section      288  startup_mpf662xx.o(RESET)
    ../clib/microlib/division.c              0x00000000   Number         0  uidiv.o ABSOLUTE
    ../clib/microlib/errno.c                 0x00000000   Number         0  errno.o ABSOLUTE
    ../clib/microlib/init/entry.s            0x00000000   Number         0  entry10b.o ABSOLUTE
    ../clib/microlib/init/entry.s            0x00000000   Number         0  entry10a.o ABSOLUTE
    ../clib/microlib/init/entry.s            0x00000000   Number         0  entry9b.o ABSOLUTE
    ../clib/microlib/init/entry.s            0x00000000   Number         0  entry9a.o ABSOLUTE
    ../clib/microlib/init/entry.s            0x00000000   Number         0  entry8b.o ABSOLUTE
    ../clib/microlib/init/entry.s            0x00000000   Number         0  entry8a.o ABSOLUTE
    ../clib/microlib/init/entry.s            0x00000000   Number         0  entry2.o ABSOLUTE
    ../clib/microlib/init/entry.s            0x00000000   Number         0  entry7b.o ABSOLUTE
    ../clib/microlib/init/entry.s            0x00000000   Number         0  entry7a.o ABSOLUTE
    ../clib/microlib/init/entry.s            0x00000000   Number         0  entry.o ABSOLUTE
    ../clib/microlib/init/entry.s            0x00000000   Number         0  entry5.o ABSOLUTE
    ../clib/microlib/init/entry.s            0x00000000   Number         0  entry11b.o ABSOLUTE
    ../clib/microlib/init/entry.s            0x00000000   Number         0  entry11a.o ABSOLUTE
    ../clib/microlib/longlong.c              0x00000000   Number         0  llshl.o ABSOLUTE
    ../clib/microlib/longlong.c              0x00000000   Number         0  llushr.o ABSOLUTE
    ../clib/microlib/stubs.s                 0x00000000   Number         0  iusefp.o ABSOLUTE
    ../fplib/microlib/d2f.c                  0x00000000   Number         0  d2f.o ABSOLUTE
    ../fplib/microlib/f2d.c                  0x00000000   Number         0  f2d.o ABSOLUTE
    ../fplib/microlib/fpadd.c                0x00000000   Number         0  fadd.o ABSOLUTE
    ../fplib/microlib/fpdiv.c                0x00000000   Number         0  fdiv.o ABSOLUTE
    ../fplib/microlib/fpepilogue.c           0x00000000   Number         0  depilogue.o ABSOLUTE
    ../fplib/microlib/fpepilogue.c           0x00000000   Number         0  fepilogue.o ABSOLUTE
    ../fplib/microlib/fpfix.c                0x00000000   Number         0  dfixui.o ABSOLUTE
    ../fplib/microlib/fpfix.c                0x00000000   Number         0  ffixui.o ABSOLUTE
    ../fplib/microlib/fpflt.c                0x00000000   Number         0  dfltui.o ABSOLUTE
    ../fplib/microlib/fpflt.c                0x00000000   Number         0  dflti.o ABSOLUTE
    ../fplib/microlib/fpmul.c                0x00000000   Number         0  dmul.o ABSOLUTE
    ../fplib/microlib/fprnd.c                0x00000000   Number         0  frnd.o ABSOLUTE
    ../fplib/microlib/fpsqrt.c               0x00000000   Number         0  dsqrt.o ABSOLUTE
    ../mathlib/round.c                       0x00000000   Number         0  roundf.o ABSOLUTE
    ../mathlib/sqrt.c                        0x00000000   Number         0  sqrt.o ABSOLUTE
    ../mathlib/sqrt.c                        0x00000000   Number         0  sqrt_x.o ABSOLUTE
    ..\..\..\..\..\..\MPF662xx_Firmware_Library\Device\MPS\MPF662xx\Source\ARM\startup_mpf662xx.s 0x00000000   Number         0  startup_mpf662xx.o ABSOLUTE
    ..\..\..\..\..\..\MPF662xx_Firmware_Library\Device\MPS\MPF662xx\Source\system_mpf662xx.c 0x00000000   Number         0  system_mpf662xx.o ABSOLUTE
    ..\..\..\..\..\..\MPF662xx_Firmware_Library\MPF662xx_Standard_Peripheral\Source\mpf662xx_adc.c 0x00000000   Number         0  mpf662xx_adc.o ABSOLUTE
    ..\..\..\..\..\..\MPF662xx_Firmware_Library\MPF662xx_Standard_Peripheral\Source\mpf662xx_div.c 0x00000000   Number         0  mpf662xx_div.o ABSOLUTE
    ..\..\..\..\..\..\MPF662xx_Firmware_Library\MPF662xx_Standard_Peripheral\Source\mpf662xx_dma.c 0x00000000   Number         0  mpf662xx_dma.o ABSOLUTE
    ..\..\..\..\..\..\MPF662xx_Firmware_Library\MPF662xx_Standard_Peripheral\Source\mpf662xx_exti.c 0x00000000   Number         0  mpf662xx_exti.o ABSOLUTE
    ..\..\..\..\..\..\MPF662xx_Firmware_Library\MPF662xx_Standard_Peripheral\Source\mpf662xx_flash.c 0x00000000   Number         0  mpf662xx_flash.o ABSOLUTE
    ..\..\..\..\..\..\MPF662xx_Firmware_Library\MPF662xx_Standard_Peripheral\Source\mpf662xx_gpio.c 0x00000000   Number         0  mpf662xx_gpio.o ABSOLUTE
    ..\..\..\..\..\..\MPF662xx_Firmware_Library\MPF662xx_Standard_Peripheral\Source\mpf662xx_i2c.c 0x00000000   Number         0  mpf662xx_i2c.o ABSOLUTE
    ..\..\..\..\..\..\MPF662xx_Firmware_Library\MPF662xx_Standard_Peripheral\Source\mpf662xx_port.c 0x00000000   Number         0  mpf662xx_port.o ABSOLUTE
    ..\..\..\..\..\..\MPF662xx_Firmware_Library\MPF662xx_Standard_Peripheral\Source\mpf662xx_pwm.c 0x00000000   Number         0  mpf662xx_pwm.o ABSOLUTE
    ..\..\..\..\..\..\MPF662xx_Firmware_Library\MPF662xx_Standard_Peripheral\Source\mpf662xx_timr.c 0x00000000   Number         0  mpf662xx_timr.o ABSOLUTE
    ..\..\..\..\..\..\MPF662xx_Firmware_Library\MPF662xx_Standard_Peripheral\Source\mpf662xx_uart.c 0x00000000   Number         0  mpf662xx_uart.o ABSOLUTE
    ..\..\..\..\..\..\MPF662xx_Firmware_Library\MPF662xx_Standard_Peripheral\Source\mpf662xx_wdt.c 0x00000000   Number         0  mpf662xx_wdt.o ABSOLUTE
    ..\User\main.c                           0x00000000   Number         0  main.o ABSOLUTE
    ..\\..\\..\\..\\..\\..\\MPF662xx_Firmware_Library\\Device\\MPS\\MPF662xx\\Source\\system_mpf662xx.c 0x00000000   Number         0  system_mpf662xx.o ABSOLUTE
    ..\\..\\..\\..\\..\\..\\MPF662xx_Firmware_Library\\MPF662xx_Standard_Peripheral\\Source\\mpf662xx_adc.c 0x00000000   Number         0  mpf662xx_adc.o ABSOLUTE
    ..\\..\\..\\..\\..\\..\\MPF662xx_Firmware_Library\\MPF662xx_Standard_Peripheral\\Source\\mpf662xx_div.c 0x00000000   Number         0  mpf662xx_div.o ABSOLUTE
    ..\\..\\..\\..\\..\\..\\MPF662xx_Firmware_Library\\MPF662xx_Standard_Peripheral\\Source\\mpf662xx_dma.c 0x00000000   Number         0  mpf662xx_dma.o ABSOLUTE
    ..\\..\\..\\..\\..\\..\\MPF662xx_Firmware_Library\\MPF662xx_Standard_Peripheral\\Source\\mpf662xx_exti.c 0x00000000   Number         0  mpf662xx_exti.o ABSOLUTE
    ..\\..\\..\\..\\..\\..\\MPF662xx_Firmware_Library\\MPF662xx_Standard_Peripheral\\Source\\mpf662xx_flash.c 0x00000000   Number         0  mpf662xx_flash.o ABSOLUTE
    ..\\..\\..\\..\\..\\..\\MPF662xx_Firmware_Library\\MPF662xx_Standard_Peripheral\\Source\\mpf662xx_gpio.c 0x00000000   Number         0  mpf662xx_gpio.o ABSOLUTE
    ..\\..\\..\\..\\..\\..\\MPF662xx_Firmware_Library\\MPF662xx_Standard_Peripheral\\Source\\mpf662xx_i2c.c 0x00000000   Number         0  mpf662xx_i2c.o ABSOLUTE
    ..\\..\\..\\..\\..\\..\\MPF662xx_Firmware_Library\\MPF662xx_Standard_Peripheral\\Source\\mpf662xx_port.c 0x00000000   Number         0  mpf662xx_port.o ABSOLUTE
    ..\\..\\..\\..\\..\\..\\MPF662xx_Firmware_Library\\MPF662xx_Standard_Peripheral\\Source\\mpf662xx_pwm.c 0x00000000   Number         0  mpf662xx_pwm.o ABSOLUTE
    ..\\..\\..\\..\\..\\..\\MPF662xx_Firmware_Library\\MPF662xx_Standard_Peripheral\\Source\\mpf662xx_timr.c 0x00000000   Number         0  mpf662xx_timr.o ABSOLUTE
    ..\\..\\..\\..\\..\\..\\MPF662xx_Firmware_Library\\MPF662xx_Standard_Peripheral\\Source\\mpf662xx_uart.c 0x00000000   Number         0  mpf662xx_uart.o ABSOLUTE
    ..\\..\\..\\..\\..\\..\\MPF662xx_Firmware_Library\\MPF662xx_Standard_Peripheral\\Source\\mpf662xx_wdt.c 0x00000000   Number         0  mpf662xx_wdt.o ABSOLUTE
    ..\\User\\main.c                         0x00000000   Number         0  main.o ABSOLUTE
    cdcmple.s                                0x00000000   Number         0  cdcmple.o ABSOLUTE
    dc.s                                     0x00000000   Number         0  dc.o ABSOLUTE
    handlers.s                               0x00000000   Number         0  handlers.o ABSOLUTE
    init.s                                   0x00000000   Number         0  init.o ABSOLUTE
    .ARM.Collect$$$$00000000                 0x00000120   Section        0  entry.o(.ARM.Collect$$$$00000000)
    .ARM.Collect$$$$00000001                 0x00000120   Section        4  entry2.o(.ARM.Collect$$$$00000001)
    .ARM.Collect$$$$00000004                 0x00000124   Section        4  entry5.o(.ARM.Collect$$$$00000004)
    .ARM.Collect$$$$00000008                 0x00000128   Section        0  entry7b.o(.ARM.Collect$$$$00000008)
    .ARM.Collect$$$$0000000A                 0x00000128   Section        0  entry8b.o(.ARM.Collect$$$$0000000A)
    .ARM.Collect$$$$0000000B                 0x00000128   Section        8  entry9a.o(.ARM.Collect$$$$0000000B)
    .ARM.Collect$$$$0000000D                 0x00000130   Section        0  entry10a.o(.ARM.Collect$$$$0000000D)
    .ARM.Collect$$$$0000000F                 0x00000130   Section        0  entry11a.o(.ARM.Collect$$$$0000000F)
    .ARM.Collect$$$$00002712                 0x00000130   Section        4  entry2.o(.ARM.Collect$$$$00002712)
    __lit__00000000                          0x00000130   Data           4  entry2.o(.ARM.Collect$$$$00002712)
    .text                                    0x00000134   Section        0  main.o(.text)
    .text                                    0x00000668   Section        0  system_mpf662xx.o(.text)
    .text                                    0x00000954   Section        0  mpf662xx_adc.o(.text)
    chn2idx                                  0x00000c37   Thumb Code   118  mpf662xx_adc.o(.text)
    .text                                    0x00000e1c   Section        0  mpf662xx_flash.o(.text)
    .text                                    0x00000e98   Section        0  mpf662xx_gpio.o(.text)
    .text                                    0x00001044   Section        0  mpf662xx_port.o(.text)
    .text                                    0x00001094   Section        0  mpf662xx_timr.o(.text)
    NVIC_EnableIRQ                           0x0000144b   Thumb Code    14  mpf662xx_timr.o(.text)
    .text                                    0x00001470   Section        0  mpf662xx_uart.o(.text)
    .text                                    0x00001754   Section        0  uidiv.o(.text)
    .text                                    0x00001780   Section        0  fdiv.o(.text)
    .text                                    0x000017fc   Section        0  dmul.o(.text)
    .text                                    0x000018cc   Section        0  dflti.o(.text)
    .text                                    0x000018f4   Section        0  dfltui.o(.text)
    .text                                    0x00001910   Section        0  ffixui.o(.text)
    .text                                    0x00001938   Section        0  dfixui.o(.text)
    .text                                    0x00001974   Section        0  f2d.o(.text)
    .text                                    0x0000199c   Section        0  d2f.o(.text)
    .text                                    0x000019d4   Section        0  llushr.o(.text)
    .text                                    0x000019f6   Section        0  fepilogue.o(.text)
    .text                                    0x000019f6   Section        0  iusefp.o(.text)
    .text                                    0x00001a78   Section        0  fadd.o(.text)
    .text                                    0x00001b2a   Section        0  frnd.o(.text)
    .text                                    0x00001b68   Section        0  depilogue.o(.text)
    .text                                    0x00001c26   Section        0  dsqrt.o(.text)
    .text                                    0x00001cc8   Section       36  init.o(.text)
    .text                                    0x00001cec   Section        0  llshl.o(.text)
    i.__ARM_clz                              0x00001d0c   Section        0  depilogue.o(i.__ARM_clz)
    i.__scatterload_copy                     0x00001d3a   Section       14  handlers.o(i.__scatterload_copy)
    i.__scatterload_null                     0x00001d48   Section        2  handlers.o(i.__scatterload_null)
    i.__scatterload_zeroinit                 0x00001d4a   Section       14  handlers.o(i.__scatterload_zeroinit)
    i.__set_errno                            0x00001d58   Section        0  errno.o(i.__set_errno)
    i.roundf                                 0x00001d64   Section        0  roundf.o(i.roundf)
    i.sqrt                                   0x00001dd8   Section        0  sqrt.o(i.sqrt)
    .data                                    0x20000000   Section      140  main.o(.data)
    .data                                    0x2000008c   Section        8  system_mpf662xx.o(.data)
    .data                                    0x20000094   Section       20  mpf662xx_adc.o(.data)
    VERSION_F                                0x20000094   Data           4  mpf662xx_adc.o(.data)
    VDD3V3                                   0x20000098   Data           4  mpf662xx_adc.o(.data)
    ADC3V6                                   0x2000009c   Data           4  mpf662xx_adc.o(.data)
    ADC_K                                    0x200000a0   Data           4  mpf662xx_adc.o(.data)
    ADC_Offset                               0x200000a4   Data           4  mpf662xx_adc.o(.data)
    .data                                    0x200000a8   Section       12  mpf662xx_flash.o(.data)
    .data                                    0x200000b4   Section        4  errno.o(.data)
    _errno                                   0x200000b4   Data           4  errno.o(.data)
    .bss                                     0x200000b8   Section       10  main.o(.bss)
    STACK                                    0x200000c8   Section     1024  startup_mpf662xx.o(STACK)

    Global Symbols

    Symbol Name                              Value     Ov Type        Size  Object(Section)

    BuildAttributes$$THM_ISAv3M$S$PE$A:L22$X:L11$S22$IEEE1$IW$USESV6$~STKCKD$USESV7$~SHL$OTIME$ROPI$IEEEJ$EBA8$MICROLIB$REQ8$PRES8$EABIv2 0x00000000   Number         0  anon$$obj.o ABSOLUTE
    __ARM_use_no_argv                        0x00000000   Number         0  main.o ABSOLUTE
    __Vectors                                0x00000000   Data           4  startup_mpf662xx.o(RESET)
    __cpp_initialize__aeabi_                  - Undefined Weak Reference
    __cxa_finalize                            - Undefined Weak Reference
    __decompress                              - Undefined Weak Reference
    _clock_init                               - Undefined Weak Reference
    _microlib_exit                            - Undefined Weak Reference
    Reset_Handler                            0x000000c1   Thumb Code    10  startup_mpf662xx.o(RESET)
    __Vectors_End                            0x000000c1   Thumb Code     0  startup_mpf662xx.o(RESET)
    __Vectors_Size                           0x000000c0   Number         0  startup_mpf662xx.o ABSOLUTE
    NMI_Handler                              0x000000cb   Thumb Code     2  startup_mpf662xx.o(RESET)
    HardFault_Handler                        0x000000cd   Thumb Code     2  startup_mpf662xx.o(RESET)
    SVC_Handler                              0x000000cf   Thumb Code     2  startup_mpf662xx.o(RESET)
    PendSV_Handler                           0x000000d1   Thumb Code     2  startup_mpf662xx.o(RESET)
    SysTick_Handler                          0x000000d3   Thumb Code     2  startup_mpf662xx.o(RESET)
    TIMR0_Handler                            0x000000d7   Thumb Code     2  startup_mpf662xx.o(RESET)
    CORDIC_Handler                           0x000000d9   Thumb Code     2  startup_mpf662xx.o(RESET)
    UART1_Handler                            0x000000db   Thumb Code     2  startup_mpf662xx.o(RESET)
    PWM1_Handler                             0x000000dd   Thumb Code     2  startup_mpf662xx.o(RESET)
    TIMR1_Handler                            0x000000df   Thumb Code     2  startup_mpf662xx.o(RESET)
    HALL_Handler                             0x000000e1   Thumb Code     2  startup_mpf662xx.o(RESET)
    PWM0_Handler                             0x000000e3   Thumb Code     2  startup_mpf662xx.o(RESET)
    BOD_Handler                              0x000000e5   Thumb Code     2  startup_mpf662xx.o(RESET)
    PWMBRK_Handler                           0x000000e7   Thumb Code     2  startup_mpf662xx.o(RESET)
    WDT_Handler                              0x000000e9   Thumb Code     2  startup_mpf662xx.o(RESET)
    I2C0_Handler                             0x000000eb   Thumb Code     2  startup_mpf662xx.o(RESET)
    XTALSTOP_Handler                         0x000000ed   Thumb Code     2  startup_mpf662xx.o(RESET)
    ACMP_Handler                             0x000000f1   Thumb Code     2  startup_mpf662xx.o(RESET)
    BTIMR0_Handler                           0x000000f3   Thumb Code     2  startup_mpf662xx.o(RESET)
    BTIMR1_Handler                           0x000000f5   Thumb Code     2  startup_mpf662xx.o(RESET)
    BTIMR2_Handler                           0x000000f7   Thumb Code     2  startup_mpf662xx.o(RESET)
    BTIMR3_Handler                           0x000000f9   Thumb Code     2  startup_mpf662xx.o(RESET)
    GPIOA_Handler                            0x000000fb   Thumb Code     2  startup_mpf662xx.o(RESET)
    GPIOB_Handler                            0x000000fd   Thumb Code     2  startup_mpf662xx.o(RESET)
    GPIOM_Handler                            0x000000ff   Thumb Code     2  startup_mpf662xx.o(RESET)
    GPIOA0_GPIOM0_SPI1_Handler               0x00000101   Thumb Code     2  startup_mpf662xx.o(RESET)
    GPIOA1_GPIOM1_MPU_Handler                0x00000103   Thumb Code     2  startup_mpf662xx.o(RESET)
    GPIOA2_GPIOM2_Handler                    0x00000105   Thumb Code     2  startup_mpf662xx.o(RESET)
    GPIOA3_GPIOM3_Handler                    0x00000107   Thumb Code     2  startup_mpf662xx.o(RESET)
    GPIOB0_GPIOA8_TIMR2_Handler              0x00000109   Thumb Code     2  startup_mpf662xx.o(RESET)
    GPIOB1_GPIOA9_DMA_Handler                0x0000010b   Thumb Code     2  startup_mpf662xx.o(RESET)
    GPIOB2_GPIOA10_CAN0_Handler              0x0000010d   Thumb Code     2  startup_mpf662xx.o(RESET)
    GPIOB3_GPIOA11_SPI0_Handler              0x0000010f   Thumb Code     2  startup_mpf662xx.o(RESET)
    GPIOB4_GPIOB10_QEI_Handler               0x00000111   Thumb Code     2  startup_mpf662xx.o(RESET)
    __main                                   0x00000121   Thumb Code     0  entry.o(.ARM.Collect$$$$00000000)
    _main_stk                                0x00000121   Thumb Code     0  entry2.o(.ARM.Collect$$$$00000001)
    _main_scatterload                        0x00000125   Thumb Code     0  entry5.o(.ARM.Collect$$$$00000004)
    __main_after_scatterload                 0x00000129   Thumb Code     0  entry5.o(.ARM.Collect$$$$00000004)
    _main_clock                              0x00000129   Thumb Code     0  entry7b.o(.ARM.Collect$$$$00000008)
    _main_cpp_init                           0x00000129   Thumb Code     0  entry8b.o(.ARM.Collect$$$$0000000A)
    _main_init                               0x00000129   Thumb Code     0  entry9a.o(.ARM.Collect$$$$0000000B)
    __rt_final_cpp                           0x00000131   Thumb Code     0  entry10a.o(.ARM.Collect$$$$0000000D)
    __rt_final_exit                          0x00000131   Thumb Code     0  entry11a.o(.ARM.Collect$$$$0000000F)
    UART_SendByte                            0x00000135   Thumb Code    48  main.o(.text)
    verification                             0x00000165   Thumb Code   140  main.o(.text)
    SerialInit                               0x000001f1   Thumb Code    82  main.o(.text)
    main                                     0x00000243   Thumb Code   562  main.o(.text)
    low_bandwidth_filter                     0x00000475   Thumb Code   150  main.o(.text)
    ADC0_Handler                             0x0000050b   Thumb Code   226  main.o(.text)
    UART0_Handler                            0x000005ed   Thumb Code    86  main.o(.text)
    fputc                                    0x00000643   Thumb Code    28  main.o(.text)
    SystemCoreClockUpdate                    0x00000669   Thumb Code   100  system_mpf662xx.o(.text)
    switchTo12MHz                            0x000006cd   Thumb Code    18  system_mpf662xx.o(.text)
    switchTo32KHz                            0x000006df   Thumb Code    46  system_mpf662xx.o(.text)
    PLLInit                                  0x0000070d   Thumb Code   126  system_mpf662xx.o(.text)
    switchToPLL                              0x0000078b   Thumb Code    64  system_mpf662xx.o(.text)
    switchToXTAL                             0x000007cb   Thumb Code   134  system_mpf662xx.o(.text)
    switchTo1M5Hz                            0x00000851   Thumb Code    46  system_mpf662xx.o(.text)
    SystemInit                               0x0000087f   Thumb Code   166  system_mpf662xx.o(.text)
    ADC_Close                                0x00000955   Thumb Code    12  mpf662xx_adc.o(.text)
    ADC_Init                                 0x00000961   Thumb Code   698  mpf662xx_adc.o(.text)
    ADC_Open                                 0x00000c1b   Thumb Code    12  mpf662xx_adc.o(.text)
    ADC_Start                                0x00000c27   Thumb Code     6  mpf662xx_adc.o(.text)
    ADC_Stop                                 0x00000c2d   Thumb Code    10  mpf662xx_adc.o(.text)
    ADC_Read                                 0x00000cad   Thumb Code    60  mpf662xx_adc.o(.text)
    ADC_IsEOC                                0x00000ce9   Thumb Code    22  mpf662xx_adc.o(.text)
    ADC_ChnSelect                            0x00000cff   Thumb Code    24  mpf662xx_adc.o(.text)
    ADC_IntEOCEn                             0x00000d17   Thumb Code    24  mpf662xx_adc.o(.text)
    ADC_IntEOCDis                            0x00000d2f   Thumb Code    82  mpf662xx_adc.o(.text)
    ADC_IntEOCClr                            0x00000d81   Thumb Code    20  mpf662xx_adc.o(.text)
    ADC_IntEOCStat                           0x00000d95   Thumb Code    30  mpf662xx_adc.o(.text)
    ADC_IntOVFEn                             0x00000db3   Thumb Code    26  mpf662xx_adc.o(.text)
    ADC_IntOVFDis                            0x00000dcd   Thumb Code    26  mpf662xx_adc.o(.text)
    ADC_IntOVFClr                            0x00000de7   Thumb Code    22  mpf662xx_adc.o(.text)
    ADC_IntOVFStat                           0x00000dfd   Thumb Code    32  mpf662xx_adc.o(.text)
    FLASH_Erase                              0x00000e1d   Thumb Code    32  mpf662xx_flash.o(.text)
    FLASH_Write                              0x00000e3d   Thumb Code    30  mpf662xx_flash.o(.text)
    Flash_Param_at_xMHz                      0x00000e5b   Thumb Code    40  mpf662xx_flash.o(.text)
    GPIO_Init                                0x00000e99   Thumb Code   198  mpf662xx_gpio.o(.text)
    GPIO_SetBit                              0x00000f5f   Thumb Code    12  mpf662xx_gpio.o(.text)
    GPIO_ClrBit                              0x00000f6b   Thumb Code    12  mpf662xx_gpio.o(.text)
    GPIO_InvBit                              0x00000f77   Thumb Code    12  mpf662xx_gpio.o(.text)
    GPIO_GetBit                              0x00000f83   Thumb Code    10  mpf662xx_gpio.o(.text)
    GPIO_SetBits                             0x00000f8d   Thumb Code    18  mpf662xx_gpio.o(.text)
    GPIO_ClrBits                             0x00000f9f   Thumb Code    18  mpf662xx_gpio.o(.text)
    GPIO_InvBits                             0x00000fb1   Thumb Code    18  mpf662xx_gpio.o(.text)
    GPIO_GetBits                             0x00000fc3   Thumb Code    16  mpf662xx_gpio.o(.text)
    GPIO_AtomicSetBit                        0x00000fd3   Thumb Code    10  mpf662xx_gpio.o(.text)
    GPIO_AtomicClrBit                        0x00000fdd   Thumb Code    10  mpf662xx_gpio.o(.text)
    GPIO_AtomicInvBit                        0x00000fe7   Thumb Code    14  mpf662xx_gpio.o(.text)
    GPIO_AtomicSetBits                       0x00000ff5   Thumb Code    22  mpf662xx_gpio.o(.text)
    GPIO_AtomicClrBits                       0x0000100b   Thumb Code    22  mpf662xx_gpio.o(.text)
    GPIO_AtomicInvBits                       0x00001021   Thumb Code    22  mpf662xx_gpio.o(.text)
    PORT_Init                                0x00001045   Thumb Code    80  mpf662xx_port.o(.text)
    TIMR_Stop                                0x00001095   Thumb Code   108  mpf662xx_timr.o(.text)
    TIMR_Init                                0x00001101   Thumb Code   262  mpf662xx_timr.o(.text)
    TIMR_Start                               0x00001207   Thumb Code   106  mpf662xx_timr.o(.text)
    TIMR_Halt                                0x00001271   Thumb Code     6  mpf662xx_timr.o(.text)
    TIMR_Resume                              0x00001277   Thumb Code     6  mpf662xx_timr.o(.text)
    TIMR_GetCurValue                         0x0000127d   Thumb Code     4  mpf662xx_timr.o(.text)
    TIMR_INTEn                               0x00001281   Thumb Code    10  mpf662xx_timr.o(.text)
    TIMR_INTDis                              0x0000128b   Thumb Code    10  mpf662xx_timr.o(.text)
    TIMR_INTClr                              0x00001295   Thumb Code     6  mpf662xx_timr.o(.text)
    TIMR_INTStat                             0x0000129b   Thumb Code     8  mpf662xx_timr.o(.text)
    TIMR_OC_Init                             0x000012a3   Thumb Code   164  mpf662xx_timr.o(.text)
    TIMR_OC_OutputEn                         0x00001347   Thumb Code    10  mpf662xx_timr.o(.text)
    TIMR_OC_OutputDis                        0x00001351   Thumb Code    32  mpf662xx_timr.o(.text)
    TIMR_OC_SetMatch                         0x00001371   Thumb Code     4  mpf662xx_timr.o(.text)
    TIMR_OC_GetMatch                         0x00001375   Thumb Code     4  mpf662xx_timr.o(.text)
    TIMR_OC_INTEn                            0x00001379   Thumb Code    10  mpf662xx_timr.o(.text)
    TIMR_OC_INTDis                           0x00001383   Thumb Code    10  mpf662xx_timr.o(.text)
    TIMR_OC_INTClr                           0x0000138d   Thumb Code     6  mpf662xx_timr.o(.text)
    TIMR_OC_INTStat                          0x00001393   Thumb Code     8  mpf662xx_timr.o(.text)
    TIMR_IC_Init                             0x0000139b   Thumb Code   100  mpf662xx_timr.o(.text)
    TIMR_IC_GetCaptureH                      0x000013ff   Thumb Code     4  mpf662xx_timr.o(.text)
    TIMR_IC_GetCaptureL                      0x00001403   Thumb Code     4  mpf662xx_timr.o(.text)
    TIMR_IC_CaptureH_INTEn                   0x00001407   Thumb Code    10  mpf662xx_timr.o(.text)
    TIMR_IC_CaptureH_INTDis                  0x00001411   Thumb Code    10  mpf662xx_timr.o(.text)
    TIMR_IC_CaptureH_INTClr                  0x0000141b   Thumb Code     6  mpf662xx_timr.o(.text)
    TIMR_IC_CaptureH_INTStat                 0x00001421   Thumb Code     8  mpf662xx_timr.o(.text)
    TIMR_IC_CaptureL_INTEn                   0x00001429   Thumb Code    10  mpf662xx_timr.o(.text)
    TIMR_IC_CaptureL_INTDis                  0x00001433   Thumb Code    10  mpf662xx_timr.o(.text)
    TIMR_IC_CaptureL_INTClr                  0x0000143d   Thumb Code     6  mpf662xx_timr.o(.text)
    TIMR_IC_CaptureL_INTStat                 0x00001443   Thumb Code     8  mpf662xx_timr.o(.text)
    UART_Close                               0x00001471   Thumb Code    12  mpf662xx_uart.o(.text)
    UART_Init                                0x0000147d   Thumb Code   248  mpf662xx_uart.o(.text)
    UART_Open                                0x00001575   Thumb Code    12  mpf662xx_uart.o(.text)
    UART_WriteByte                           0x00001581   Thumb Code     4  mpf662xx_uart.o(.text)
    UART_ReadByte                            0x00001585   Thumb Code    20  mpf662xx_uart.o(.text)
    UART_IsTXBusy                            0x00001599   Thumb Code    10  mpf662xx_uart.o(.text)
    UART_IsRXFIFOEmpty                       0x000015a3   Thumb Code    10  mpf662xx_uart.o(.text)
    UART_IsTXFIFOFull                        0x000015ad   Thumb Code     8  mpf662xx_uart.o(.text)
    UART_SetBaudrate                         0x000015b5   Thumb Code    34  mpf662xx_uart.o(.text)
    UART_GetBaudrate                         0x000015d7   Thumb Code    26  mpf662xx_uart.o(.text)
    UART_CTSConfig                           0x000015f1   Thumb Code    22  mpf662xx_uart.o(.text)
    UART_CTSLineState                        0x00001607   Thumb Code     8  mpf662xx_uart.o(.text)
    UART_RTSConfig                           0x0000160f   Thumb Code    28  mpf662xx_uart.o(.text)
    UART_RTSLineState                        0x0000162b   Thumb Code     8  mpf662xx_uart.o(.text)
    UART_LINConfig                           0x00001633   Thumb Code    48  mpf662xx_uart.o(.text)
    UART_LINGenerate                         0x00001663   Thumb Code    10  mpf662xx_uart.o(.text)
    UART_LINIsDetected                       0x0000166d   Thumb Code     8  mpf662xx_uart.o(.text)
    UART_LINIsGenerated                      0x00001675   Thumb Code     8  mpf662xx_uart.o(.text)
    UART_ABRStart                            0x0000167d   Thumb Code    90  mpf662xx_uart.o(.text)
    UART_ABRIsDone                           0x000016d7   Thumb Code    24  mpf662xx_uart.o(.text)
    UART_INTEn                               0x000016ef   Thumb Code     8  mpf662xx_uart.o(.text)
    UART_INTDis                              0x000016f7   Thumb Code     8  mpf662xx_uart.o(.text)
    UART_INTClr                              0x000016ff   Thumb Code    16  mpf662xx_uart.o(.text)
    UART_INTStat                             0x0000170f   Thumb Code    48  mpf662xx_uart.o(.text)
    __aeabi_uidiv                            0x00001755   Thumb Code     0  uidiv.o(.text)
    __aeabi_uidivmod                         0x00001755   Thumb Code    44  uidiv.o(.text)
    __aeabi_fdiv                             0x00001781   Thumb Code   124  fdiv.o(.text)
    __aeabi_dmul                             0x000017fd   Thumb Code   202  dmul.o(.text)
    __aeabi_i2d                              0x000018cd   Thumb Code    34  dflti.o(.text)
    __aeabi_ui2d                             0x000018f5   Thumb Code    24  dfltui.o(.text)
    __aeabi_f2uiz                            0x00001911   Thumb Code    40  ffixui.o(.text)
    __aeabi_d2uiz                            0x00001939   Thumb Code    50  dfixui.o(.text)
    __aeabi_f2d                              0x00001975   Thumb Code    40  f2d.o(.text)
    __aeabi_d2f                              0x0000199d   Thumb Code    56  d2f.o(.text)
    __aeabi_llsr                             0x000019d5   Thumb Code    34  llushr.o(.text)
    _ll_ushift_r                             0x000019d5   Thumb Code     0  llushr.o(.text)
    __I$use$fp                               0x000019f7   Thumb Code     0  iusefp.o(.text)
    _float_round                             0x000019f7   Thumb Code    16  fepilogue.o(.text)
    _float_epilogue                          0x00001a07   Thumb Code   114  fepilogue.o(.text)
    __aeabi_fadd                             0x00001a79   Thumb Code   162  fadd.o(.text)
    __aeabi_fsub                             0x00001b1b   Thumb Code     8  fadd.o(.text)
    __aeabi_frsub                            0x00001b23   Thumb Code     8  fadd.o(.text)
    _frnd                                    0x00001b2b   Thumb Code    62  frnd.o(.text)
    _double_round                            0x00001b69   Thumb Code    26  depilogue.o(.text)
    _double_epilogue                         0x00001b83   Thumb Code   164  depilogue.o(.text)
    _dsqrt                                   0x00001c27   Thumb Code   162  dsqrt.o(.text)
    __scatterload                            0x00001cc9   Thumb Code    28  init.o(.text)
    __scatterload_rt2                        0x00001cc9   Thumb Code     0  init.o(.text)
    __aeabi_llsl                             0x00001ced   Thumb Code    32  llshl.o(.text)
    _ll_shift_l                              0x00001ced   Thumb Code     0  llshl.o(.text)
    __ARM_clz                                0x00001d0d   Thumb Code    46  depilogue.o(i.__ARM_clz)
    __scatterload_copy                       0x00001d3b   Thumb Code    14  handlers.o(i.__scatterload_copy)
    __scatterload_null                       0x00001d49   Thumb Code     2  handlers.o(i.__scatterload_null)
    __scatterload_zeroinit                   0x00001d4b   Thumb Code    14  handlers.o(i.__scatterload_zeroinit)
    __set_errno                              0x00001d59   Thumb Code     6  errno.o(i.__set_errno)
    roundf                                   0x00001d65   Thumb Code   116  roundf.o(i.roundf)
    sqrt                                     0x00001dd9   Thumb Code    66  sqrt.o(i.sqrt)
    Region$$Table$$Base                      0x00001e20   Number         0  anon$$obj.o(Region$$Table)
    Region$$Table$$Limit                     0x00001e40   Number         0  anon$$obj.o(Region$$Table)
    conversion_flag                          0x20000000   Data           1  main.o(.data)
    fy0                                      0x20000002   Data           2  main.o(.data)
    fy1                                      0x20000004   Data           2  main.o(.data)
    fy2                                      0x20000006   Data           2  main.o(.data)
    v                                        0x20000008   Data           2  main.o(.data)
    y                                        0x2000000a   Data           2  main.o(.data)
    u                                        0x2000000c   Data           2  main.o(.data)
    tmp                                      0x2000000e   Data           2  main.o(.data)
    ret1                                     0x20000010   Data           2  main.o(.data)
    c0                                       0x20000014   Data           4  main.o(.data)
    c1                                       0x20000018   Data           4  main.o(.data)
    c2                                       0x2000001c   Data           4  main.o(.data)
    coeff                                    0x20000020   Data           4  main.o(.data)
    x                                        0x20000024   Data           4  main.o(.data)
    calu                                     0x20000028   Data           4  main.o(.data)
    caly                                     0x2000002c   Data           4  main.o(.data)
    calv                                     0x20000030   Data           4  main.o(.data)
    calu1                                    0x20000034   Data           4  main.o(.data)
    caly1                                    0x20000038   Data           4  main.o(.data)
    calv1                                    0x2000003c   Data           4  main.o(.data)
    calu11                                   0x20000040   Data           4  main.o(.data)
    caly11                                   0x20000044   Data           4  main.o(.data)
    calv11                                   0x20000048   Data           4  main.o(.data)
    UART_TXBuffer                            0x2000004c   Data           4  main.o(.data)
    UART_TXCount                             0x20000050   Data           4  main.o(.data)
    UART_TXIndex                             0x20000054   Data           4  main.o(.data)
    inputch0                                 0x20000058   Data           4  main.o(.data)
    inputch1                                 0x2000005c   Data           4  main.o(.data)
    inputch2                                 0x20000060   Data           4  main.o(.data)
    hexu                                     0x20000064   Data           4  main.o(.data)
    hexy                                     0x20000068   Data           4  main.o(.data)
    hexv                                     0x2000006c   Data           4  main.o(.data)
    hex                                      0x20000070   Data           4  main.o(.data)
    i                                        0x20000074   Data           4  main.o(.data)
    n                                        0x20000078   Data           4  main.o(.data)
    buff                                     0x2000007c   Data           8  main.o(.data)
    crc                                      0x20000084   Data           8  main.o(.data)
    SystemCoreClock                          0x2000008c   Data           4  system_mpf662xx.o(.data)
    CyclesPerUs                              0x20000090   Data           4  system_mpf662xx.o(.data)
    IAP_Flash_Param                          0x200000a8   Data           4  mpf662xx_flash.o(.data)
    IAP_Flash_Erase                          0x200000ac   Data           4  mpf662xx_flash.o(.data)
    IAP_Flash_Write                          0x200000b0   Data           4  mpf662xx_flash.o(.data)
    Serial_TxPacket                          0x200000b8   Data          10  main.o(.bss)
    __initial_sp                             0x200004c8   Data           0  startup_mpf662xx.o(STACK)



==============================================================================

Memory Map of the image

  Image Entry point : 0x00000121

  Load Region LR_IROM1 (Base: 0x00000000, Size: 0x00001ef8, Max: 0x00010000, ABSOLUTE)

    Execution Region ER_IROM1 (Exec base: 0x00000000, Load base: 0x00000000, Size: 0x00001e40, Max: 0x00010000, ABSOLUTE)

    Exec Addr    Load Addr    Size         Type   Attr      Idx    E Section Name        Object

    0x00000000   0x00000000   0x00000120   Code   RO          166    RESET               startup_mpf662xx.o
    0x00000120   0x00000120   0x00000000   Code   RO          428  * .ARM.Collect$$$$00000000  mc_p.l(entry.o)
    0x00000120   0x00000120   0x00000004   Code   RO          449    .ARM.Collect$$$$00000001  mc_p.l(entry2.o)
    0x00000124   0x00000124   0x00000004   Code   RO          452    .ARM.Collect$$$$00000004  mc_p.l(entry5.o)
    0x00000128   0x00000128   0x00000000   Code   RO          454    .ARM.Collect$$$$00000008  mc_p.l(entry7b.o)
    0x00000128   0x00000128   0x00000000   Code   RO          456    .ARM.Collect$$$$0000000A  mc_p.l(entry8b.o)
    0x00000128   0x00000128   0x00000008   Code   RO          457    .ARM.Collect$$$$0000000B  mc_p.l(entry9a.o)
    0x00000130   0x00000130   0x00000000   Code   RO          459    .ARM.Collect$$$$0000000D  mc_p.l(entry10a.o)
    0x00000130   0x00000130   0x00000000   Code   RO          461    .ARM.Collect$$$$0000000F  mc_p.l(entry11a.o)
    0x00000130   0x00000130   0x00000004   Code   RO          450    .ARM.Collect$$$$00002712  mc_p.l(entry2.o)
    0x00000134   0x00000134   0x00000534   Code   RO            3    .text               main.o
    0x00000668   0x00000668   0x000002ec   Code   RO          133    .text               system_mpf662xx.o
    0x00000954   0x00000954   0x000004c8   Code   RO          172    .text               mpf662xx_adc.o
    0x00000e1c   0x00000e1c   0x0000007c   Code   RO          214    .text               mpf662xx_flash.o
    0x00000e98   0x00000e98   0x000001ac   Code   RO          237    .text               mpf662xx_gpio.o
    0x00001044   0x00001044   0x00000050   Code   RO          280    .text               mpf662xx_port.o
    0x00001094   0x00001094   0x000003dc   Code   RO          320    .text               mpf662xx_timr.o
    0x00001470   0x00001470   0x000002e4   Code   RO          340    .text               mpf662xx_uart.o
    0x00001754   0x00001754   0x0000002c   Code   RO          431    .text               mc_p.l(uidiv.o)
    0x00001780   0x00001780   0x0000007c   Code   RO          433    .text               mf_p.l(fdiv.o)
    0x000017fc   0x000017fc   0x000000d0   Code   RO          435    .text               mf_p.l(dmul.o)
    0x000018cc   0x000018cc   0x00000028   Code   RO          437    .text               mf_p.l(dflti.o)
    0x000018f4   0x000018f4   0x0000001c   Code   RO          439    .text               mf_p.l(dfltui.o)
    0x00001910   0x00001910   0x00000028   Code   RO          441    .text               mf_p.l(ffixui.o)
    0x00001938   0x00001938   0x0000003c   Code   RO          443    .text               mf_p.l(dfixui.o)
    0x00001974   0x00001974   0x00000028   Code   RO          445    .text               mf_p.l(f2d.o)
    0x0000199c   0x0000199c   0x00000038   Code   RO          447    .text               mf_p.l(d2f.o)
    0x000019d4   0x000019d4   0x00000022   Code   RO          463    .text               mc_p.l(llushr.o)
    0x000019f6   0x000019f6   0x00000000   Code   RO          472    .text               mc_p.l(iusefp.o)
    0x000019f6   0x000019f6   0x00000082   Code   RO          473    .text               mf_p.l(fepilogue.o)
    0x00001a78   0x00001a78   0x000000b2   Code   RO          475    .text               mf_p.l(fadd.o)
    0x00001b2a   0x00001b2a   0x0000003e   Code   RO          477    .text               mf_p.l(frnd.o)
    0x00001b68   0x00001b68   0x000000be   Code   RO          479    .text               mf_p.l(depilogue.o)
    0x00001c26   0x00001c26   0x000000a2   Code   RO          483    .text               mf_p.l(dsqrt.o)
    0x00001cc8   0x00001cc8   0x00000024   Code   RO          487    .text               mc_p.l(init.o)
    0x00001cec   0x00001cec   0x00000020   Code   RO          489    .text               mc_p.l(llshl.o)
    0x00001d0c   0x00001d0c   0x0000002e   Code   RO          481    i.__ARM_clz         mf_p.l(depilogue.o)
    0x00001d3a   0x00001d3a   0x0000000e   Code   RO          493    i.__scatterload_copy  mc_p.l(handlers.o)
    0x00001d48   0x00001d48   0x00000002   Code   RO          494    i.__scatterload_null  mc_p.l(handlers.o)
    0x00001d4a   0x00001d4a   0x0000000e   Code   RO          495    i.__scatterload_zeroinit  mc_p.l(handlers.o)
    0x00001d58   0x00001d58   0x0000000c   Code   RO          467    i.__set_errno       mc_p.l(errno.o)
    0x00001d64   0x00001d64   0x00000074   Code   RO          426    i.roundf            m_ps.l(roundf.o)
    0x00001dd8   0x00001dd8   0x00000048   Code   RO          419    i.sqrt              m_ps.l(sqrt.o)
    0x00001e20   0x00001e20   0x00000020   Data   RO          491    Region$$Table       anon$$obj.o


    Execution Region RW_IRAM1 (Exec base: 0x20000000, Load base: 0x00001e40, Size: 0x000004c8, Max: 0x00002000, ABSOLUTE)

    Exec Addr    Load Addr    Size         Type   Attr      Idx    E Section Name        Object

    0x20000000   0x00001e40   0x0000008c   Data   RW            8    .data               main.o
    0x2000008c   0x00001ecc   0x00000008   Data   RW          134    .data               system_mpf662xx.o
    0x20000094   0x00001ed4   0x00000014   Data   RW          173    .data               mpf662xx_adc.o
    0x200000a8   0x00001ee8   0x0000000c   Data   RW          215    .data               mpf662xx_flash.o
    0x200000b4   0x00001ef4   0x00000004   Data   RW          468    .data               mc_p.l(errno.o)
    0x200000b8        -       0x0000000a   Zero   RW            4    .bss                main.o
    0x200000c2   0x00001ef8   0x00000006   PAD
    0x200000c8        -       0x00000400   Zero   RW          164    STACK               startup_mpf662xx.o


==============================================================================

Image component sizes


      Code (inc. data)   RO Data    RW Data    ZI Data      Debug   Object Name

      1332         76          0        140         10      82288   main.o
      1224         58          0         20          0       6070   mpf662xx_adc.o
       124         22          0         12          0       2324   mpf662xx_flash.o
       428         14          0          0          0       4711   mpf662xx_gpio.o
         0          0          0          0          0       5792   mpf662xx_i2c.o
        80          0          0          0          0       1360   mpf662xx_port.o
       988         24          0          0          0       7191   mpf662xx_timr.o
       740         22          0          0          0       6373   mpf662xx_uart.o
       288        206          0          0       1024       2084   startup_mpf662xx.o
       748         48          0          8          0       2444   system_mpf662xx.o

    ----------------------------------------------------------------------
      5952        470         32        180       1040     120637   Object Totals
         0          0         32          0          0          0   (incl. Generated)
         0          0          0          0          6          0   (incl. Padding)

    ----------------------------------------------------------------------

      Code (inc. data)   RO Data    RW Data    ZI Data      Debug   Library Member Name

       116          0          0          0          0         72   roundf.o
        72          6          0          0          0         76   sqrt.o
         0          0          0          0          0          0   entry.o
         0          0          0          0          0          0   entry10a.o
         0          0          0          0          0          0   entry11a.o
         8          4          0          0          0          0   entry2.o
         4          0          0          0          0          0   entry5.o
         0          0          0          0          0          0   entry7b.o
         0          0          0          0          0          0   entry8b.o
         8          4          0          0          0          0   entry9a.o
        12          6          0          4          0         60   errno.o
        30          0          0          0          0          0   handlers.o
        36          8          0          0          0         68   init.o
         0          0          0          0          0          0   iusefp.o
        32          0          0          0          0         68   llshl.o
        34          0          0          0          0         68   llushr.o
        44          0          0          0          0         72   uidiv.o
        56          0          0          0          0         68   d2f.o
       236          0          0          0          0        216   depilogue.o
        60         10          0          0          0         68   dfixui.o
        40          6          0          0          0         68   dflti.o
        28          4          0          0          0         68   dfltui.o
       208          6          0          0          0         88   dmul.o
       162          0          0          0          0         80   dsqrt.o
        40          0          0          0          0         60   f2d.o
       178          0          0          0          0        108   fadd.o
       124          0          0          0          0         72   fdiv.o
       130          0          0          0          0        144   fepilogue.o
        40          0          0          0          0         60   ffixui.o
        62          0          0          0          0         68   frnd.o

    ----------------------------------------------------------------------
      1760         54          0          4          0       1652   Library Totals
         0          0          0          0          0          0   (incl. Padding)

    ----------------------------------------------------------------------

      Code (inc. data)   RO Data    RW Data    ZI Data      Debug   Library Name

       188          6          0          0          0        148   m_ps.l
       208         22          0          4          0        336   mc_p.l
      1364         26          0          0          0       1168   mf_p.l

    ----------------------------------------------------------------------
      1760         54          0          4          0       1652   Library Totals

    ----------------------------------------------------------------------

==============================================================================


      Code (inc. data)   RO Data    RW Data    ZI Data      Debug   

      7712        524         32        184       1040     120945   Grand Totals
      7712        524         32        184       1040     120945   ELF Image Totals
      7712        524         32        184          0          0   ROM Totals

==============================================================================

    Total RO  Size (Code + RO Data)                 7744 (   7.56kB)
    Total RW  Size (RW Data + ZI Data)              1224 (   1.20kB)
    Total ROM Size (Code + RO Data + RW Data)       7928 (   7.74kB)

==============================================================================

