<html>
<body>
<pre>
<h1>µVision Build Log</h1>
<h2>Tool Versions:</h2>
IDE-Version: µVision V5.28.0.0
Copyright (C) 2019 ARM Ltd and ARM Germany GmbH. All rights reserved.
License Information: Stein Yan MPS Flex license: MDK Essential 5.28 (Flex) (mdk_essential) Support: Jan 2021
 
Tool Versions:
Toolchain:       MDK Essential 5.28 (Flex)  Version: 5.28.0.0
Toolchain Path:  C:\Keil_v5\ARM\ARMCC\Bin
C Compiler:      Armcc.exe V5.06 update 6 (build 750)
Assembler:       Armasm.exe V5.06 update 6 (build 750)
Linker/Locator:  ArmLink.exe V5.06 update 6 (build 750)
Library Manager: ArmAr.exe V5.06 update 6 (build 750)
Hex Converter:   FromElf.exe V5.06 update 6 (build 750)
CPU DLL:         SARMCM3.DLL V5.28.0.0
Dialog DLL:      DARMCM1.DLL V1.19.2.0
Target DLL:      Segger\JL2CM3.dll V2.99.36.0
Dialog DLL:      TARMCM1.DLL V1.14.1.0
 
<h2>Project:</h2>
D:\MPF662xx_Package\MPF662xx_Demo_Suits_V1.0\MPS\Example\ADC\ADC_sample_1.1\MPF66200\Keil_Project\TriggerTIMR.uvprojx
Project File Date:  04/27/2024

<h2>Output:</h2>
*** Using Compiler 'V5.06 update 6 (build 750)', folder: 'C:\Keil_v5\ARM\ARMCC\Bin'
Build target 'MPF662xx'
compiling main.c...
linking...
Program Size: Code=8068 RO-data=32 RW-data=184 ZI-data=1040  
FromELF: creating hex file...
After Build - User command #1: fromelf --bin -o "D:\MPF662xx_Package\MPF662xx_Demo_Suits_V1.0\MPS\Example\ADC\ADC_sample_1.1\MPF66200\Keil_Project\Obj\TriggerTIMR.bin" "D:\MPF662xx_Package\MPF662xx_Demo_Suits_V1.0\MPS\Example\ADC\ADC_sample_1.1\MPF66200\Keil_Project\Obj\TriggerTIMR.axf"
After Build - User command #2: fromelf --text -a -c -o "D:\MPF662xx_Package\MPF662xx_Demo_Suits_V1.0\MPS\Example\ADC\ADC_sample_1.1\MPF66200\Keil_Project\Obj\TriggerTIMR.asm" "D:\MPF662xx_Package\MPF662xx_Demo_Suits_V1.0\MPS\Example\ADC\ADC_sample_1.1\MPF66200\Keil_Project\Obj\TriggerTIMR.axf"
".\Obj\TriggerTIMR.axf" - 0 Error(s), 0 Warning(s).

<h2>Software Packages used:</h2>

Package Vendor: MPS
                https://www.monolithicpower.com/MPS.MPF662xx_DFP.1.0.0.pack
                MPS.MPF662xx_DFP.1.0.0
                MPS MPF662xx Series Device Support and Examples

<h2>Collection of Component include folders:</h2>
  .\RTE\_MPF662xx

<h2>Collection of Component Files used:</h2>
Build Time Elapsed:  00:00:05
</pre>
</body>
</html>
