Component: ARM Compiler 5.06 update 6 (build 750) Tool: armlink [4d35ed]

==============================================================================

Section Cross References

    main.o(.text) refers to mpf662xx_uart.o(.text) for UART_WriteByte
    main.o(.text) refers to mpf662xx_port.o(.text) for PORT_Init
    main.o(.text) refers to system_mpf662xx.o(.text) for SystemInit
    main.o(.text) refers to mpf662xx_gpio.o(.text) for GPIO_Init
    main.o(.text) refers to mpf662xx_wdt.o(.text) for WDT_Init
    main.o(.text) refers to mpf662xx_adc.o(.text) for ADC_Init
    main.o(.text) refers to mpf662xx_timr.o(.text) for TIMR_Init
    main.o(.text) refers to fflti.o(.text) for __aeabi_i2f
    main.o(.text) refers to fmul.o(.text) for __aeabi_fmul
    main.o(.text) refers to fdiv.o(.text) for __aeabi_fdiv
    main.o(.text) refers to f2d.o(.text) for __aeabi_f2d
    main.o(.text) refers to sqrt.o(i.sqrt) for sqrt
    main.o(.text) refers to dmul.o(.text) for __aeabi_dmul
    main.o(.text) refers to d2f.o(.text) for __aeabi_d2f
    main.o(.text) refers to roundf.o(i.roundf) for roundf
    main.o(.text) refers to ffixui.o(.text) for __aeabi_f2uiz
    main.o(.text) refers to main.o(.data) for .data
    main.o(.text) refers to main.o(.bss) for .bss
    main.o(.text) refers to system_mpf662xx.o(.data) for CyclesPerUs
    system_mpf662xx.o(.text) refers to uidiv.o(.text) for __aeabi_uidivmod
    system_mpf662xx.o(.text) refers to mpf662xx_port.o(.text) for PORT_Init
    system_mpf662xx.o(.text) refers to mpf662xx_flash.o(.text) for Flash_Param_at_xMHz
    system_mpf662xx.o(.text) refers to system_mpf662xx.o(.data) for .data
    startup_mpf662xx.o(RESET) refers to startup_mpf662xx.o(STACK) for __initial_sp
    startup_mpf662xx.o(RESET) refers to main.o(.text) for UART0_Handler
    startup_mpf662xx.o(RESET) refers to entry.o(.ARM.Collect$$$$00000000) for __main
    mpf662xx_adc.o(.text) refers to dfltui.o(.text) for __aeabi_ui2d
    mpf662xx_adc.o(.text) refers to dmul.o(.text) for __aeabi_dmul
    mpf662xx_adc.o(.text) refers to dfixui.o(.text) for __aeabi_d2uiz
    mpf662xx_adc.o(.text) refers to mpf662xx_adc.o(.data) for .data
    mpf662xx_flash.o(.text) refers to mpf662xx_flash.o(.data) for .data
    mpf662xx_gpio.o(.text) refers to mpf662xx_port.o(.text) for PORT_Init
    mpf662xx_i2c.o(.text) refers to uidiv.o(.text) for __aeabi_uidivmod
    mpf662xx_i2c.o(.text) refers to system_mpf662xx.o(.data) for SystemCoreClock
    mpf662xx_uart.o(.text) refers to uidiv.o(.text) for __aeabi_uidivmod
    mpf662xx_uart.o(.text) refers to system_mpf662xx.o(.data) for SystemCoreClock
    sqrt.o(i.__softfp_sqrt) refers (Special) to iusefp.o(.text) for __I$use$fp
    sqrt.o(i.__softfp_sqrt) refers to dsqrt.o(.text) for _dsqrt
    sqrt.o(i.__softfp_sqrt) refers to errno.o(i.__set_errno) for __set_errno
    sqrt.o(i.sqrt) refers (Special) to iusefp.o(.text) for __I$use$fp
    sqrt.o(i.sqrt) refers to dsqrt.o(.text) for _dsqrt
    sqrt.o(i.sqrt) refers to errno.o(i.__set_errno) for __set_errno
    sqrt_x.o(i.____softfp_sqrt$lsc) refers (Special) to iusefp.o(.text) for __I$use$fp
    sqrt_x.o(i.____softfp_sqrt$lsc) refers to cdcmple.o(.text) for __aeabi_cdcmple
    sqrt_x.o(i.____softfp_sqrt$lsc) refers to errno.o(i.__set_errno) for __set_errno
    sqrt_x.o(i.____softfp_sqrt$lsc) refers to dsqrt.o(.text) for _dsqrt
    sqrt_x.o(i.__sqrt$lsc) refers (Special) to iusefp.o(.text) for __I$use$fp
    sqrt_x.o(i.__sqrt$lsc) refers to cdcmple.o(.text) for __aeabi_cdcmple
    sqrt_x.o(i.__sqrt$lsc) refers to errno.o(i.__set_errno) for __set_errno
    sqrt_x.o(i.__sqrt$lsc) refers to dsqrt.o(.text) for _dsqrt
    roundf.o(i.roundf) refers (Special) to iusefp.o(.text) for __I$use$fp
    roundf.o(i.roundf) refers to frnd.o(.text) for _frnd
    roundf.o(i.roundf) refers to fadd.o(.text) for __aeabi_fsub
    entry.o(.ARM.Collect$$$$00000000) refers (Special) to entry10a.o(.ARM.Collect$$$$0000000D) for __rt_final_cpp
    entry.o(.ARM.Collect$$$$00000000) refers (Special) to entry11a.o(.ARM.Collect$$$$0000000F) for __rt_final_exit
    entry.o(.ARM.Collect$$$$00000000) refers (Special) to entry7b.o(.ARM.Collect$$$$00000008) for _main_clock
    entry.o(.ARM.Collect$$$$00000000) refers (Special) to entry8b.o(.ARM.Collect$$$$0000000A) for _main_cpp_init
    entry.o(.ARM.Collect$$$$00000000) refers (Special) to entry9a.o(.ARM.Collect$$$$0000000B) for _main_init
    entry.o(.ARM.Collect$$$$00000000) refers (Special) to entry5.o(.ARM.Collect$$$$00000004) for _main_scatterload
    entry.o(.ARM.Collect$$$$00000000) refers (Special) to entry2.o(.ARM.Collect$$$$00000001) for _main_stk
    fmul.o(.text) refers (Special) to iusefp.o(.text) for __I$use$fp
    fdiv.o(.text) refers (Special) to iusefp.o(.text) for __I$use$fp
    fdiv.o(.text) refers to fepilogue.o(.text) for _float_round
    dmul.o(.text) refers (Special) to iusefp.o(.text) for __I$use$fp
    dmul.o(.text) refers to depilogue.o(.text) for _double_epilogue
    fflti.o(.text) refers (Special) to iusefp.o(.text) for __I$use$fp
    fflti.o(.text) refers to fepilogue.o(.text) for _float_epilogue
    dfltui.o(.text) refers (Special) to iusefp.o(.text) for __I$use$fp
    dfltui.o(.text) refers to depilogue.o(.text) for _double_epilogue
    ffixui.o(.text) refers (Special) to iusefp.o(.text) for __I$use$fp
    dfixui.o(.text) refers (Special) to iusefp.o(.text) for __I$use$fp
    dfixui.o(.text) refers to llushr.o(.text) for __aeabi_llsr
    f2d.o(.text) refers (Special) to iusefp.o(.text) for __I$use$fp
    d2f.o(.text) refers (Special) to iusefp.o(.text) for __I$use$fp
    d2f.o(.text) refers to fepilogue.o(.text) for _float_round
    entry2.o(.ARM.Collect$$$$00000001) refers to entry2.o(.ARM.Collect$$$$00002712) for __lit__00000000
    entry2.o(.ARM.Collect$$$$00002712) refers to startup_mpf662xx.o(STACK) for __initial_sp
    entry2.o(__vectab_stack_and_reset_area) refers to startup_mpf662xx.o(STACK) for __initial_sp
    entry2.o(__vectab_stack_and_reset_area) refers to entry.o(.ARM.Collect$$$$00000000) for __main
    entry5.o(.ARM.Collect$$$$00000004) refers to init.o(.text) for __scatterload
    entry9a.o(.ARM.Collect$$$$0000000B) refers to main.o(.text) for main
    entry9b.o(.ARM.Collect$$$$0000000C) refers to main.o(.text) for main
    errno.o(i.__aeabi_errno_addr) refers to errno.o(.data) for .data
    errno.o(i.__read_errno) refers to errno.o(.data) for .data
    errno.o(i.__set_errno) refers to errno.o(.data) for .data
    fadd.o(.text) refers to fepilogue.o(.text) for _float_epilogue
    frnd.o(.text) refers to fepilogue.o(.text) for _float_round
    depilogue.o(.text) refers to depilogue.o(i.__ARM_clz) for __ARM_clz
    depilogue.o(.text) refers to llshl.o(.text) for __aeabi_llsl
    depilogue.o(.text) refers to llushr.o(.text) for __aeabi_llsr
    dsqrt.o(.text) refers to llushr.o(.text) for __aeabi_llsr
    dsqrt.o(.text) refers to depilogue.o(.text) for _double_round
    init.o(.text) refers to entry5.o(.ARM.Collect$$$$00000004) for __main_after_scatterload


==============================================================================

Removing Unused input sections from the image.

    Removing main.o(.rev16_text), (4 bytes).
    Removing main.o(.revsh_text), (4 bytes).
    Removing main.o(.bss), (1600 bytes).
    Removing main.o(.bss), (1600 bytes).
    Removing main.o(.bss), (1600 bytes).
    Removing main.o(.data), (4 bytes).
    Removing main.o(.data), (4 bytes).
    Removing main.o(.data), (4 bytes).
    Removing main.o(.data), (4 bytes).
    Removing main.o(.data), (8 bytes).
    Removing main.o(.data), (4 bytes).
    Removing main.o(.data), (4 bytes).
    Removing main.o(.data), (4 bytes).
    Removing main.o(.data), (4 bytes).
    Removing main.o(.data), (4 bytes).
    Removing main.o(.data), (4 bytes).
    Removing system_mpf662xx.o(.rev16_text), (4 bytes).
    Removing system_mpf662xx.o(.revsh_text), (4 bytes).
    Removing startup_mpf662xx.o(HEAP), (0 bytes).
    Removing mpf662xx_adc.o(.rev16_text), (4 bytes).
    Removing mpf662xx_adc.o(.revsh_text), (4 bytes).
    Removing mpf662xx_exti.o(.rev16_text), (4 bytes).
    Removing mpf662xx_exti.o(.revsh_text), (4 bytes).
    Removing mpf662xx_exti.o(.text), (150 bytes).
    Removing mpf662xx_flash.o(.rev16_text), (4 bytes).
    Removing mpf662xx_flash.o(.revsh_text), (4 bytes).
    Removing mpf662xx_gpio.o(.rev16_text), (4 bytes).
    Removing mpf662xx_gpio.o(.revsh_text), (4 bytes).
    Removing mpf662xx_i2c.o(.rev16_text), (4 bytes).
    Removing mpf662xx_i2c.o(.revsh_text), (4 bytes).
    Removing mpf662xx_i2c.o(.text), (492 bytes).
    Removing mpf662xx_port.o(.rev16_text), (4 bytes).
    Removing mpf662xx_port.o(.revsh_text), (4 bytes).
    Removing mpf662xx_pwm.o(.rev16_text), (4 bytes).
    Removing mpf662xx_pwm.o(.revsh_text), (4 bytes).
    Removing mpf662xx_pwm.o(.text), (860 bytes).
    Removing mpf662xx_timr.o(.rev16_text), (4 bytes).
    Removing mpf662xx_timr.o(.revsh_text), (4 bytes).
    Removing mpf662xx_uart.o(.rev16_text), (4 bytes).
    Removing mpf662xx_uart.o(.revsh_text), (4 bytes).
    Removing mpf662xx_wdt.o(.rev16_text), (4 bytes).
    Removing mpf662xx_wdt.o(.revsh_text), (4 bytes).
    Removing mpf662xx_dma.o(.rev16_text), (4 bytes).
    Removing mpf662xx_dma.o(.revsh_text), (4 bytes).
    Removing mpf662xx_dma.o(.text), (568 bytes).
    Removing mpf662xx_div.o(.rev16_text), (4 bytes).
    Removing mpf662xx_div.o(.revsh_text), (4 bytes).
    Removing mpf662xx_div.o(.text), (24 bytes).
    Removing cdcmple.o(.text), (40 bytes).

49 unused section(s) (total 7094 bytes) removed from the image.

==============================================================================

Image Symbol Table

    Local Symbols

    Symbol Name                              Value     Ov Type        Size  Object(Section)

    RESET                                    0x00000000   Section      288  startup_mpf662xx.o(RESET)
    ../clib/microlib/division.c              0x00000000   Number         0  uidiv.o ABSOLUTE
    ../clib/microlib/errno.c                 0x00000000   Number         0  errno.o ABSOLUTE
    ../clib/microlib/init/entry.s            0x00000000   Number         0  entry.o ABSOLUTE
    ../clib/microlib/init/entry.s            0x00000000   Number         0  entry8a.o ABSOLUTE
    ../clib/microlib/init/entry.s            0x00000000   Number         0  entry2.o ABSOLUTE
    ../clib/microlib/init/entry.s            0x00000000   Number         0  entry9b.o ABSOLUTE
    ../clib/microlib/init/entry.s            0x00000000   Number         0  entry9a.o ABSOLUTE
    ../clib/microlib/init/entry.s            0x00000000   Number         0  entry7a.o ABSOLUTE
    ../clib/microlib/init/entry.s            0x00000000   Number         0  entry5.o ABSOLUTE
    ../clib/microlib/init/entry.s            0x00000000   Number         0  entry8b.o ABSOLUTE
    ../clib/microlib/init/entry.s            0x00000000   Number         0  entry7b.o ABSOLUTE
    ../clib/microlib/init/entry.s            0x00000000   Number         0  entry11b.o ABSOLUTE
    ../clib/microlib/init/entry.s            0x00000000   Number         0  entry11a.o ABSOLUTE
    ../clib/microlib/init/entry.s            0x00000000   Number         0  entry10b.o ABSOLUTE
    ../clib/microlib/init/entry.s            0x00000000   Number         0  entry10a.o ABSOLUTE
    ../clib/microlib/longlong.c              0x00000000   Number         0  llshl.o ABSOLUTE
    ../clib/microlib/longlong.c              0x00000000   Number         0  llushr.o ABSOLUTE
    ../clib/microlib/stubs.s                 0x00000000   Number         0  iusefp.o ABSOLUTE
    ../fplib/microlib/d2f.c                  0x00000000   Number         0  d2f.o ABSOLUTE
    ../fplib/microlib/f2d.c                  0x00000000   Number         0  f2d.o ABSOLUTE
    ../fplib/microlib/fpadd.c                0x00000000   Number         0  fadd.o ABSOLUTE
    ../fplib/microlib/fpdiv.c                0x00000000   Number         0  fdiv.o ABSOLUTE
    ../fplib/microlib/fpepilogue.c           0x00000000   Number         0  depilogue.o ABSOLUTE
    ../fplib/microlib/fpepilogue.c           0x00000000   Number         0  fepilogue.o ABSOLUTE
    ../fplib/microlib/fpfix.c                0x00000000   Number         0  dfixui.o ABSOLUTE
    ../fplib/microlib/fpfix.c                0x00000000   Number         0  ffixui.o ABSOLUTE
    ../fplib/microlib/fpflt.c                0x00000000   Number         0  dfltui.o ABSOLUTE
    ../fplib/microlib/fpflt.c                0x00000000   Number         0  fflti.o ABSOLUTE
    ../fplib/microlib/fpmul.c                0x00000000   Number         0  dmul.o ABSOLUTE
    ../fplib/microlib/fpmul.c                0x00000000   Number         0  fmul.o ABSOLUTE
    ../fplib/microlib/fprnd.c                0x00000000   Number         0  frnd.o ABSOLUTE
    ../fplib/microlib/fpsqrt.c               0x00000000   Number         0  dsqrt.o ABSOLUTE
    ../mathlib/round.c                       0x00000000   Number         0  roundf.o ABSOLUTE
    ../mathlib/sqrt.c                        0x00000000   Number         0  sqrt_x.o ABSOLUTE
    ../mathlib/sqrt.c                        0x00000000   Number         0  sqrt.o ABSOLUTE
    ..\..\..\..\..\..\MPF662xx_Firmware_Library\Device\MPS\MPF662xx\Source\ARM\startup_mpf662xx.s 0x00000000   Number         0  startup_mpf662xx.o ABSOLUTE
    ..\..\..\..\..\..\MPF662xx_Firmware_Library\Device\MPS\MPF662xx\Source\system_mpf662xx.c 0x00000000   Number         0  system_mpf662xx.o ABSOLUTE
    ..\..\..\..\..\..\MPF662xx_Firmware_Library\MPF662xx_Standard_Peripheral\Source\mpf662xx_adc.c 0x00000000   Number         0  mpf662xx_adc.o ABSOLUTE
    ..\..\..\..\..\..\MPF662xx_Firmware_Library\MPF662xx_Standard_Peripheral\Source\mpf662xx_div.c 0x00000000   Number         0  mpf662xx_div.o ABSOLUTE
    ..\..\..\..\..\..\MPF662xx_Firmware_Library\MPF662xx_Standard_Peripheral\Source\mpf662xx_dma.c 0x00000000   Number         0  mpf662xx_dma.o ABSOLUTE
    ..\..\..\..\..\..\MPF662xx_Firmware_Library\MPF662xx_Standard_Peripheral\Source\mpf662xx_exti.c 0x00000000   Number         0  mpf662xx_exti.o ABSOLUTE
    ..\..\..\..\..\..\MPF662xx_Firmware_Library\MPF662xx_Standard_Peripheral\Source\mpf662xx_flash.c 0x00000000   Number         0  mpf662xx_flash.o ABSOLUTE
    ..\..\..\..\..\..\MPF662xx_Firmware_Library\MPF662xx_Standard_Peripheral\Source\mpf662xx_gpio.c 0x00000000   Number         0  mpf662xx_gpio.o ABSOLUTE
    ..\..\..\..\..\..\MPF662xx_Firmware_Library\MPF662xx_Standard_Peripheral\Source\mpf662xx_i2c.c 0x00000000   Number         0  mpf662xx_i2c.o ABSOLUTE
    ..\..\..\..\..\..\MPF662xx_Firmware_Library\MPF662xx_Standard_Peripheral\Source\mpf662xx_port.c 0x00000000   Number         0  mpf662xx_port.o ABSOLUTE
    ..\..\..\..\..\..\MPF662xx_Firmware_Library\MPF662xx_Standard_Peripheral\Source\mpf662xx_pwm.c 0x00000000   Number         0  mpf662xx_pwm.o ABSOLUTE
    ..\..\..\..\..\..\MPF662xx_Firmware_Library\MPF662xx_Standard_Peripheral\Source\mpf662xx_timr.c 0x00000000   Number         0  mpf662xx_timr.o ABSOLUTE
    ..\..\..\..\..\..\MPF662xx_Firmware_Library\MPF662xx_Standard_Peripheral\Source\mpf662xx_uart.c 0x00000000   Number         0  mpf662xx_uart.o ABSOLUTE
    ..\..\..\..\..\..\MPF662xx_Firmware_Library\MPF662xx_Standard_Peripheral\Source\mpf662xx_wdt.c 0x00000000   Number         0  mpf662xx_wdt.o ABSOLUTE
    ..\User\main.c                           0x00000000   Number         0  main.o ABSOLUTE
    ..\\..\\..\\..\\..\\..\\MPF662xx_Firmware_Library\\Device\\MPS\\MPF662xx\\Source\\system_mpf662xx.c 0x00000000   Number         0  system_mpf662xx.o ABSOLUTE
    ..\\..\\..\\..\\..\\..\\MPF662xx_Firmware_Library\\MPF662xx_Standard_Peripheral\\Source\\mpf662xx_adc.c 0x00000000   Number         0  mpf662xx_adc.o ABSOLUTE
    ..\\..\\..\\..\\..\\..\\MPF662xx_Firmware_Library\\MPF662xx_Standard_Peripheral\\Source\\mpf662xx_div.c 0x00000000   Number         0  mpf662xx_div.o ABSOLUTE
    ..\\..\\..\\..\\..\\..\\MPF662xx_Firmware_Library\\MPF662xx_Standard_Peripheral\\Source\\mpf662xx_dma.c 0x00000000   Number         0  mpf662xx_dma.o ABSOLUTE
    ..\\..\\..\\..\\..\\..\\MPF662xx_Firmware_Library\\MPF662xx_Standard_Peripheral\\Source\\mpf662xx_exti.c 0x00000000   Number         0  mpf662xx_exti.o ABSOLUTE
    ..\\..\\..\\..\\..\\..\\MPF662xx_Firmware_Library\\MPF662xx_Standard_Peripheral\\Source\\mpf662xx_flash.c 0x00000000   Number         0  mpf662xx_flash.o ABSOLUTE
    ..\\..\\..\\..\\..\\..\\MPF662xx_Firmware_Library\\MPF662xx_Standard_Peripheral\\Source\\mpf662xx_gpio.c 0x00000000   Number         0  mpf662xx_gpio.o ABSOLUTE
    ..\\..\\..\\..\\..\\..\\MPF662xx_Firmware_Library\\MPF662xx_Standard_Peripheral\\Source\\mpf662xx_i2c.c 0x00000000   Number         0  mpf662xx_i2c.o ABSOLUTE
    ..\\..\\..\\..\\..\\..\\MPF662xx_Firmware_Library\\MPF662xx_Standard_Peripheral\\Source\\mpf662xx_port.c 0x00000000   Number         0  mpf662xx_port.o ABSOLUTE
    ..\\..\\..\\..\\..\\..\\MPF662xx_Firmware_Library\\MPF662xx_Standard_Peripheral\\Source\\mpf662xx_pwm.c 0x00000000   Number         0  mpf662xx_pwm.o ABSOLUTE
    ..\\..\\..\\..\\..\\..\\MPF662xx_Firmware_Library\\MPF662xx_Standard_Peripheral\\Source\\mpf662xx_timr.c 0x00000000   Number         0  mpf662xx_timr.o ABSOLUTE
    ..\\..\\..\\..\\..\\..\\MPF662xx_Firmware_Library\\MPF662xx_Standard_Peripheral\\Source\\mpf662xx_uart.c 0x00000000   Number         0  mpf662xx_uart.o ABSOLUTE
    ..\\..\\..\\..\\..\\..\\MPF662xx_Firmware_Library\\MPF662xx_Standard_Peripheral\\Source\\mpf662xx_wdt.c 0x00000000   Number         0  mpf662xx_wdt.o ABSOLUTE
    ..\\User\\main.c                         0x00000000   Number         0  main.o ABSOLUTE
    cdcmple.s                                0x00000000   Number         0  cdcmple.o ABSOLUTE
    dc.s                                     0x00000000   Number         0  dc.o ABSOLUTE
    handlers.s                               0x00000000   Number         0  handlers.o ABSOLUTE
    init.s                                   0x00000000   Number         0  init.o ABSOLUTE
    .ARM.Collect$$$$00000000                 0x00000120   Section        0  entry.o(.ARM.Collect$$$$00000000)
    .ARM.Collect$$$$00000001                 0x00000120   Section        4  entry2.o(.ARM.Collect$$$$00000001)
    .ARM.Collect$$$$00000004                 0x00000124   Section        4  entry5.o(.ARM.Collect$$$$00000004)
    .ARM.Collect$$$$00000008                 0x00000128   Section        0  entry7b.o(.ARM.Collect$$$$00000008)
    .ARM.Collect$$$$0000000A                 0x00000128   Section        0  entry8b.o(.ARM.Collect$$$$0000000A)
    .ARM.Collect$$$$0000000B                 0x00000128   Section        8  entry9a.o(.ARM.Collect$$$$0000000B)
    .ARM.Collect$$$$0000000D                 0x00000130   Section        0  entry10a.o(.ARM.Collect$$$$0000000D)
    .ARM.Collect$$$$0000000F                 0x00000130   Section        0  entry11a.o(.ARM.Collect$$$$0000000F)
    .ARM.Collect$$$$00002712                 0x00000130   Section        4  entry2.o(.ARM.Collect$$$$00002712)
    __lit__00000000                          0x00000130   Data           4  entry2.o(.ARM.Collect$$$$00002712)
    .text                                    0x00000134   Section        0  main.o(.text)
    .text                                    0x000006bc   Section        0  system_mpf662xx.o(.text)
    .text                                    0x000009a8   Section        0  mpf662xx_adc.o(.text)
    chn2idx                                  0x00000c8b   Thumb Code   118  mpf662xx_adc.o(.text)
    .text                                    0x00000e70   Section        0  mpf662xx_flash.o(.text)
    .text                                    0x00000eec   Section        0  mpf662xx_gpio.o(.text)
    .text                                    0x00001098   Section        0  mpf662xx_port.o(.text)
    .text                                    0x000010e8   Section        0  mpf662xx_timr.o(.text)
    NVIC_EnableIRQ                           0x0000149f   Thumb Code    14  mpf662xx_timr.o(.text)
    .text                                    0x000014c4   Section        0  mpf662xx_uart.o(.text)
    .text                                    0x000017a8   Section        0  mpf662xx_wdt.o(.text)
    .text                                    0x0000184c   Section        0  uidiv.o(.text)
    .text                                    0x00001878   Section        0  fmul.o(.text)
    .text                                    0x000018f2   Section        0  fdiv.o(.text)
    .text                                    0x00001970   Section        0  dmul.o(.text)
    .text                                    0x00001a40   Section        0  fflti.o(.text)
    .text                                    0x00001a58   Section        0  dfltui.o(.text)
    .text                                    0x00001a74   Section        0  ffixui.o(.text)
    .text                                    0x00001a9c   Section        0  dfixui.o(.text)
    .text                                    0x00001ad8   Section        0  f2d.o(.text)
    .text                                    0x00001b00   Section        0  d2f.o(.text)
    .text                                    0x00001b38   Section        0  llushr.o(.text)
    .text                                    0x00001b5a   Section        0  iusefp.o(.text)
    .text                                    0x00001b5a   Section        0  fepilogue.o(.text)
    .text                                    0x00001bdc   Section        0  fadd.o(.text)
    .text                                    0x00001c8e   Section        0  frnd.o(.text)
    .text                                    0x00001ccc   Section        0  depilogue.o(.text)
    .text                                    0x00001d8a   Section        0  dsqrt.o(.text)
    .text                                    0x00001e2c   Section       36  init.o(.text)
    .text                                    0x00001e50   Section        0  llshl.o(.text)
    i.__ARM_clz                              0x00001e70   Section        0  depilogue.o(i.__ARM_clz)
    i.__scatterload_copy                     0x00001e9e   Section       14  handlers.o(i.__scatterload_copy)
    i.__scatterload_null                     0x00001eac   Section        2  handlers.o(i.__scatterload_null)
    i.__scatterload_zeroinit                 0x00001eae   Section       14  handlers.o(i.__scatterload_zeroinit)
    i.__set_errno                            0x00001ebc   Section        0  errno.o(i.__set_errno)
    i.roundf                                 0x00001ec8   Section        0  roundf.o(i.roundf)
    i.sqrt                                   0x00001f3c   Section        0  sqrt.o(i.sqrt)
    .data                                    0x20000000   Section      140  main.o(.data)
    .data                                    0x2000008c   Section        8  system_mpf662xx.o(.data)
    .data                                    0x20000094   Section       20  mpf662xx_adc.o(.data)
    VERSION_F                                0x20000094   Data           4  mpf662xx_adc.o(.data)
    VDD3V3                                   0x20000098   Data           4  mpf662xx_adc.o(.data)
    ADC3V6                                   0x2000009c   Data           4  mpf662xx_adc.o(.data)
    ADC_K                                    0x200000a0   Data           4  mpf662xx_adc.o(.data)
    ADC_Offset                               0x200000a4   Data           4  mpf662xx_adc.o(.data)
    .data                                    0x200000a8   Section       12  mpf662xx_flash.o(.data)
    .data                                    0x200000b4   Section        4  errno.o(.data)
    _errno                                   0x200000b4   Data           4  errno.o(.data)
    .bss                                     0x200000b8   Section       10  main.o(.bss)
    STACK                                    0x200000c8   Section     1024  startup_mpf662xx.o(STACK)

    Global Symbols

    Symbol Name                              Value     Ov Type        Size  Object(Section)

    BuildAttributes$$THM_ISAv3M$S$PE$A:L22$X:L11$S22$IEEE1$IW$USESV6$~STKCKD$USESV7$~SHL$OTIME$ROPI$IEEEJ$EBA8$MICROLIB$REQ8$PRES8$EABIv2 0x00000000   Number         0  anon$$obj.o ABSOLUTE
    __ARM_use_no_argv                        0x00000000   Number         0  main.o ABSOLUTE
    __Vectors                                0x00000000   Data           4  startup_mpf662xx.o(RESET)
    __cpp_initialize__aeabi_                  - Undefined Weak Reference
    __cxa_finalize                            - Undefined Weak Reference
    __decompress                              - Undefined Weak Reference
    _clock_init                               - Undefined Weak Reference
    _microlib_exit                            - Undefined Weak Reference
    Reset_Handler                            0x000000c1   Thumb Code    10  startup_mpf662xx.o(RESET)
    __Vectors_End                            0x000000c1   Thumb Code     0  startup_mpf662xx.o(RESET)
    __Vectors_Size                           0x000000c0   Number         0  startup_mpf662xx.o ABSOLUTE
    NMI_Handler                              0x000000cb   Thumb Code     2  startup_mpf662xx.o(RESET)
    HardFault_Handler                        0x000000cd   Thumb Code     2  startup_mpf662xx.o(RESET)
    SVC_Handler                              0x000000cf   Thumb Code     2  startup_mpf662xx.o(RESET)
    PendSV_Handler                           0x000000d1   Thumb Code     2  startup_mpf662xx.o(RESET)
    SysTick_Handler                          0x000000d3   Thumb Code     2  startup_mpf662xx.o(RESET)
    TIMR0_Handler                            0x000000d7   Thumb Code     2  startup_mpf662xx.o(RESET)
    CORDIC_Handler                           0x000000d9   Thumb Code     2  startup_mpf662xx.o(RESET)
    UART1_Handler                            0x000000db   Thumb Code     2  startup_mpf662xx.o(RESET)
    PWM1_Handler                             0x000000dd   Thumb Code     2  startup_mpf662xx.o(RESET)
    TIMR1_Handler                            0x000000df   Thumb Code     2  startup_mpf662xx.o(RESET)
    HALL_Handler                             0x000000e1   Thumb Code     2  startup_mpf662xx.o(RESET)
    PWM0_Handler                             0x000000e3   Thumb Code     2  startup_mpf662xx.o(RESET)
    PWMBRK_Handler                           0x000000e7   Thumb Code     2  startup_mpf662xx.o(RESET)
    WDT_Handler                              0x000000e9   Thumb Code     2  startup_mpf662xx.o(RESET)
    I2C0_Handler                             0x000000eb   Thumb Code     2  startup_mpf662xx.o(RESET)
    XTALSTOP_Handler                         0x000000ed   Thumb Code     2  startup_mpf662xx.o(RESET)
    ACMP_Handler                             0x000000f1   Thumb Code     2  startup_mpf662xx.o(RESET)
    BTIMR0_Handler                           0x000000f3   Thumb Code     2  startup_mpf662xx.o(RESET)
    BTIMR1_Handler                           0x000000f5   Thumb Code     2  startup_mpf662xx.o(RESET)
    BTIMR2_Handler                           0x000000f7   Thumb Code     2  startup_mpf662xx.o(RESET)
    BTIMR3_Handler                           0x000000f9   Thumb Code     2  startup_mpf662xx.o(RESET)
    GPIOA_Handler                            0x000000fb   Thumb Code     2  startup_mpf662xx.o(RESET)
    GPIOB_Handler                            0x000000fd   Thumb Code     2  startup_mpf662xx.o(RESET)
    GPIOM_Handler                            0x000000ff   Thumb Code     2  startup_mpf662xx.o(RESET)
    GPIOA0_GPIOM0_SPI1_Handler               0x00000101   Thumb Code     2  startup_mpf662xx.o(RESET)
    GPIOA1_GPIOM1_MPU_Handler                0x00000103   Thumb Code     2  startup_mpf662xx.o(RESET)
    GPIOA2_GPIOM2_Handler                    0x00000105   Thumb Code     2  startup_mpf662xx.o(RESET)
    GPIOA3_GPIOM3_Handler                    0x00000107   Thumb Code     2  startup_mpf662xx.o(RESET)
    GPIOB0_GPIOA8_TIMR2_Handler              0x00000109   Thumb Code     2  startup_mpf662xx.o(RESET)
    GPIOB1_GPIOA9_DMA_Handler                0x0000010b   Thumb Code     2  startup_mpf662xx.o(RESET)
    GPIOB2_GPIOA10_CAN0_Handler              0x0000010d   Thumb Code     2  startup_mpf662xx.o(RESET)
    GPIOB3_GPIOA11_SPI0_Handler              0x0000010f   Thumb Code     2  startup_mpf662xx.o(RESET)
    GPIOB4_GPIOB10_QEI_Handler               0x00000111   Thumb Code     2  startup_mpf662xx.o(RESET)
    __main                                   0x00000121   Thumb Code     0  entry.o(.ARM.Collect$$$$00000000)
    _main_stk                                0x00000121   Thumb Code     0  entry2.o(.ARM.Collect$$$$00000001)
    _main_scatterload                        0x00000125   Thumb Code     0  entry5.o(.ARM.Collect$$$$00000004)
    __main_after_scatterload                 0x00000129   Thumb Code     0  entry5.o(.ARM.Collect$$$$00000004)
    _main_clock                              0x00000129   Thumb Code     0  entry7b.o(.ARM.Collect$$$$00000008)
    _main_cpp_init                           0x00000129   Thumb Code     0  entry8b.o(.ARM.Collect$$$$0000000A)
    _main_init                               0x00000129   Thumb Code     0  entry9a.o(.ARM.Collect$$$$0000000B)
    __rt_final_cpp                           0x00000131   Thumb Code     0  entry10a.o(.ARM.Collect$$$$0000000D)
    __rt_final_exit                          0x00000131   Thumb Code     0  entry11a.o(.ARM.Collect$$$$0000000F)
    UART_SendByte                            0x00000135   Thumb Code    48  main.o(.text)
    verification                             0x00000165   Thumb Code   136  main.o(.text)
    SerialInit                               0x000001ed   Thumb Code    82  main.o(.text)
    main                                     0x0000023f   Thumb Code   614  main.o(.text)
    low_bandwidth_filter                     0x000004a5   Thumb Code   220  main.o(.text)
    ADC0_Handler                             0x00000581   Thumb Code   158  main.o(.text)
    UART0_Handler                            0x0000061f   Thumb Code    86  main.o(.text)
    fputc                                    0x00000675   Thumb Code    28  main.o(.text)
    BOD_Handler                              0x00000691   Thumb Code    24  main.o(.text)
    SystemCoreClockUpdate                    0x000006bd   Thumb Code   100  system_mpf662xx.o(.text)
    switchTo12MHz                            0x00000721   Thumb Code    18  system_mpf662xx.o(.text)
    switchTo32KHz                            0x00000733   Thumb Code    46  system_mpf662xx.o(.text)
    PLLInit                                  0x00000761   Thumb Code   126  system_mpf662xx.o(.text)
    switchToPLL                              0x000007df   Thumb Code    64  system_mpf662xx.o(.text)
    switchToXTAL                             0x0000081f   Thumb Code   134  system_mpf662xx.o(.text)
    switchTo1M5Hz                            0x000008a5   Thumb Code    46  system_mpf662xx.o(.text)
    SystemInit                               0x000008d3   Thumb Code   166  system_mpf662xx.o(.text)
    ADC_Close                                0x000009a9   Thumb Code    12  mpf662xx_adc.o(.text)
    ADC_Init                                 0x000009b5   Thumb Code   698  mpf662xx_adc.o(.text)
    ADC_Open                                 0x00000c6f   Thumb Code    12  mpf662xx_adc.o(.text)
    ADC_Start                                0x00000c7b   Thumb Code     6  mpf662xx_adc.o(.text)
    ADC_Stop                                 0x00000c81   Thumb Code    10  mpf662xx_adc.o(.text)
    ADC_Read                                 0x00000d01   Thumb Code    60  mpf662xx_adc.o(.text)
    ADC_IsEOC                                0x00000d3d   Thumb Code    22  mpf662xx_adc.o(.text)
    ADC_ChnSelect                            0x00000d53   Thumb Code    24  mpf662xx_adc.o(.text)
    ADC_IntEOCEn                             0x00000d6b   Thumb Code    24  mpf662xx_adc.o(.text)
    ADC_IntEOCDis                            0x00000d83   Thumb Code    82  mpf662xx_adc.o(.text)
    ADC_IntEOCClr                            0x00000dd5   Thumb Code    20  mpf662xx_adc.o(.text)
    ADC_IntEOCStat                           0x00000de9   Thumb Code    30  mpf662xx_adc.o(.text)
    ADC_IntOVFEn                             0x00000e07   Thumb Code    26  mpf662xx_adc.o(.text)
    ADC_IntOVFDis                            0x00000e21   Thumb Code    26  mpf662xx_adc.o(.text)
    ADC_IntOVFClr                            0x00000e3b   Thumb Code    22  mpf662xx_adc.o(.text)
    ADC_IntOVFStat                           0x00000e51   Thumb Code    32  mpf662xx_adc.o(.text)
    FLASH_Erase                              0x00000e71   Thumb Code    32  mpf662xx_flash.o(.text)
    FLASH_Write                              0x00000e91   Thumb Code    30  mpf662xx_flash.o(.text)
    Flash_Param_at_xMHz                      0x00000eaf   Thumb Code    40  mpf662xx_flash.o(.text)
    GPIO_Init                                0x00000eed   Thumb Code   198  mpf662xx_gpio.o(.text)
    GPIO_SetBit                              0x00000fb3   Thumb Code    12  mpf662xx_gpio.o(.text)
    GPIO_ClrBit                              0x00000fbf   Thumb Code    12  mpf662xx_gpio.o(.text)
    GPIO_InvBit                              0x00000fcb   Thumb Code    12  mpf662xx_gpio.o(.text)
    GPIO_GetBit                              0x00000fd7   Thumb Code    10  mpf662xx_gpio.o(.text)
    GPIO_SetBits                             0x00000fe1   Thumb Code    18  mpf662xx_gpio.o(.text)
    GPIO_ClrBits                             0x00000ff3   Thumb Code    18  mpf662xx_gpio.o(.text)
    GPIO_InvBits                             0x00001005   Thumb Code    18  mpf662xx_gpio.o(.text)
    GPIO_GetBits                             0x00001017   Thumb Code    16  mpf662xx_gpio.o(.text)
    GPIO_AtomicSetBit                        0x00001027   Thumb Code    10  mpf662xx_gpio.o(.text)
    GPIO_AtomicClrBit                        0x00001031   Thumb Code    10  mpf662xx_gpio.o(.text)
    GPIO_AtomicInvBit                        0x0000103b   Thumb Code    14  mpf662xx_gpio.o(.text)
    GPIO_AtomicSetBits                       0x00001049   Thumb Code    22  mpf662xx_gpio.o(.text)
    GPIO_AtomicClrBits                       0x0000105f   Thumb Code    22  mpf662xx_gpio.o(.text)
    GPIO_AtomicInvBits                       0x00001075   Thumb Code    22  mpf662xx_gpio.o(.text)
    PORT_Init                                0x00001099   Thumb Code    80  mpf662xx_port.o(.text)
    TIMR_Stop                                0x000010e9   Thumb Code   108  mpf662xx_timr.o(.text)
    TIMR_Init                                0x00001155   Thumb Code   262  mpf662xx_timr.o(.text)
    TIMR_Start                               0x0000125b   Thumb Code   106  mpf662xx_timr.o(.text)
    TIMR_Halt                                0x000012c5   Thumb Code     6  mpf662xx_timr.o(.text)
    TIMR_Resume                              0x000012cb   Thumb Code     6  mpf662xx_timr.o(.text)
    TIMR_GetCurValue                         0x000012d1   Thumb Code     4  mpf662xx_timr.o(.text)
    TIMR_INTEn                               0x000012d5   Thumb Code    10  mpf662xx_timr.o(.text)
    TIMR_INTDis                              0x000012df   Thumb Code    10  mpf662xx_timr.o(.text)
    TIMR_INTClr                              0x000012e9   Thumb Code     6  mpf662xx_timr.o(.text)
    TIMR_INTStat                             0x000012ef   Thumb Code     8  mpf662xx_timr.o(.text)
    TIMR_OC_Init                             0x000012f7   Thumb Code   164  mpf662xx_timr.o(.text)
    TIMR_OC_OutputEn                         0x0000139b   Thumb Code    10  mpf662xx_timr.o(.text)
    TIMR_OC_OutputDis                        0x000013a5   Thumb Code    32  mpf662xx_timr.o(.text)
    TIMR_OC_SetMatch                         0x000013c5   Thumb Code     4  mpf662xx_timr.o(.text)
    TIMR_OC_GetMatch                         0x000013c9   Thumb Code     4  mpf662xx_timr.o(.text)
    TIMR_OC_INTEn                            0x000013cd   Thumb Code    10  mpf662xx_timr.o(.text)
    TIMR_OC_INTDis                           0x000013d7   Thumb Code    10  mpf662xx_timr.o(.text)
    TIMR_OC_INTClr                           0x000013e1   Thumb Code     6  mpf662xx_timr.o(.text)
    TIMR_OC_INTStat                          0x000013e7   Thumb Code     8  mpf662xx_timr.o(.text)
    TIMR_IC_Init                             0x000013ef   Thumb Code   100  mpf662xx_timr.o(.text)
    TIMR_IC_GetCaptureH                      0x00001453   Thumb Code     4  mpf662xx_timr.o(.text)
    TIMR_IC_GetCaptureL                      0x00001457   Thumb Code     4  mpf662xx_timr.o(.text)
    TIMR_IC_CaptureH_INTEn                   0x0000145b   Thumb Code    10  mpf662xx_timr.o(.text)
    TIMR_IC_CaptureH_INTDis                  0x00001465   Thumb Code    10  mpf662xx_timr.o(.text)
    TIMR_IC_CaptureH_INTClr                  0x0000146f   Thumb Code     6  mpf662xx_timr.o(.text)
    TIMR_IC_CaptureH_INTStat                 0x00001475   Thumb Code     8  mpf662xx_timr.o(.text)
    TIMR_IC_CaptureL_INTEn                   0x0000147d   Thumb Code    10  mpf662xx_timr.o(.text)
    TIMR_IC_CaptureL_INTDis                  0x00001487   Thumb Code    10  mpf662xx_timr.o(.text)
    TIMR_IC_CaptureL_INTClr                  0x00001491   Thumb Code     6  mpf662xx_timr.o(.text)
    TIMR_IC_CaptureL_INTStat                 0x00001497   Thumb Code     8  mpf662xx_timr.o(.text)
    UART_Close                               0x000014c5   Thumb Code    12  mpf662xx_uart.o(.text)
    UART_Init                                0x000014d1   Thumb Code   248  mpf662xx_uart.o(.text)
    UART_Open                                0x000015c9   Thumb Code    12  mpf662xx_uart.o(.text)
    UART_WriteByte                           0x000015d5   Thumb Code     4  mpf662xx_uart.o(.text)
    UART_ReadByte                            0x000015d9   Thumb Code    20  mpf662xx_uart.o(.text)
    UART_IsTXBusy                            0x000015ed   Thumb Code    10  mpf662xx_uart.o(.text)
    UART_IsRXFIFOEmpty                       0x000015f7   Thumb Code    10  mpf662xx_uart.o(.text)
    UART_IsTXFIFOFull                        0x00001601   Thumb Code     8  mpf662xx_uart.o(.text)
    UART_SetBaudrate                         0x00001609   Thumb Code    34  mpf662xx_uart.o(.text)
    UART_GetBaudrate                         0x0000162b   Thumb Code    26  mpf662xx_uart.o(.text)
    UART_CTSConfig                           0x00001645   Thumb Code    22  mpf662xx_uart.o(.text)
    UART_CTSLineState                        0x0000165b   Thumb Code     8  mpf662xx_uart.o(.text)
    UART_RTSConfig                           0x00001663   Thumb Code    28  mpf662xx_uart.o(.text)
    UART_RTSLineState                        0x0000167f   Thumb Code     8  mpf662xx_uart.o(.text)
    UART_LINConfig                           0x00001687   Thumb Code    48  mpf662xx_uart.o(.text)
    UART_LINGenerate                         0x000016b7   Thumb Code    10  mpf662xx_uart.o(.text)
    UART_LINIsDetected                       0x000016c1   Thumb Code     8  mpf662xx_uart.o(.text)
    UART_LINIsGenerated                      0x000016c9   Thumb Code     8  mpf662xx_uart.o(.text)
    UART_ABRStart                            0x000016d1   Thumb Code    90  mpf662xx_uart.o(.text)
    UART_ABRIsDone                           0x0000172b   Thumb Code    24  mpf662xx_uart.o(.text)
    UART_INTEn                               0x00001743   Thumb Code     8  mpf662xx_uart.o(.text)
    UART_INTDis                              0x0000174b   Thumb Code     8  mpf662xx_uart.o(.text)
    UART_INTClr                              0x00001753   Thumb Code    16  mpf662xx_uart.o(.text)
    UART_INTStat                             0x00001763   Thumb Code    48  mpf662xx_uart.o(.text)
    WDT_Stop                                 0x000017a9   Thumb Code    10  mpf662xx_wdt.o(.text)
    WDT_Init                                 0x000017b3   Thumb Code   124  mpf662xx_wdt.o(.text)
    WDT_Start                                0x0000182f   Thumb Code    10  mpf662xx_wdt.o(.text)
    WDT_Feed                                 0x00001839   Thumb Code     6  mpf662xx_wdt.o(.text)
    WDT_INTClr                               0x0000183f   Thumb Code     6  mpf662xx_wdt.o(.text)
    WDT_INTStat                              0x00001845   Thumb Code     4  mpf662xx_wdt.o(.text)
    __aeabi_uidiv                            0x0000184d   Thumb Code     0  uidiv.o(.text)
    __aeabi_uidivmod                         0x0000184d   Thumb Code    44  uidiv.o(.text)
    __aeabi_fmul                             0x00001879   Thumb Code   122  fmul.o(.text)
    __aeabi_fdiv                             0x000018f3   Thumb Code   124  fdiv.o(.text)
    __aeabi_dmul                             0x00001971   Thumb Code   202  dmul.o(.text)
    __aeabi_i2f                              0x00001a41   Thumb Code    22  fflti.o(.text)
    __aeabi_ui2d                             0x00001a59   Thumb Code    24  dfltui.o(.text)
    __aeabi_f2uiz                            0x00001a75   Thumb Code    40  ffixui.o(.text)
    __aeabi_d2uiz                            0x00001a9d   Thumb Code    50  dfixui.o(.text)
    __aeabi_f2d                              0x00001ad9   Thumb Code    40  f2d.o(.text)
    __aeabi_d2f                              0x00001b01   Thumb Code    56  d2f.o(.text)
    __aeabi_llsr                             0x00001b39   Thumb Code    34  llushr.o(.text)
    _ll_ushift_r                             0x00001b39   Thumb Code     0  llushr.o(.text)
    __I$use$fp                               0x00001b5b   Thumb Code     0  iusefp.o(.text)
    _float_round                             0x00001b5b   Thumb Code    16  fepilogue.o(.text)
    _float_epilogue                          0x00001b6b   Thumb Code   114  fepilogue.o(.text)
    __aeabi_fadd                             0x00001bdd   Thumb Code   162  fadd.o(.text)
    __aeabi_fsub                             0x00001c7f   Thumb Code     8  fadd.o(.text)
    __aeabi_frsub                            0x00001c87   Thumb Code     8  fadd.o(.text)
    _frnd                                    0x00001c8f   Thumb Code    62  frnd.o(.text)
    _double_round                            0x00001ccd   Thumb Code    26  depilogue.o(.text)
    _double_epilogue                         0x00001ce7   Thumb Code   164  depilogue.o(.text)
    _dsqrt                                   0x00001d8b   Thumb Code   162  dsqrt.o(.text)
    __scatterload                            0x00001e2d   Thumb Code    28  init.o(.text)
    __scatterload_rt2                        0x00001e2d   Thumb Code     0  init.o(.text)
    __aeabi_llsl                             0x00001e51   Thumb Code    32  llshl.o(.text)
    _ll_shift_l                              0x00001e51   Thumb Code     0  llshl.o(.text)
    __ARM_clz                                0x00001e71   Thumb Code    46  depilogue.o(i.__ARM_clz)
    __scatterload_copy                       0x00001e9f   Thumb Code    14  handlers.o(i.__scatterload_copy)
    __scatterload_null                       0x00001ead   Thumb Code     2  handlers.o(i.__scatterload_null)
    __scatterload_zeroinit                   0x00001eaf   Thumb Code    14  handlers.o(i.__scatterload_zeroinit)
    __set_errno                              0x00001ebd   Thumb Code     6  errno.o(i.__set_errno)
    roundf                                   0x00001ec9   Thumb Code   116  roundf.o(i.roundf)
    sqrt                                     0x00001f3d   Thumb Code    66  sqrt.o(i.sqrt)
    Region$$Table$$Base                      0x00001f84   Number         0  anon$$obj.o(Region$$Table)
    Region$$Table$$Limit                     0x00001fa4   Number         0  anon$$obj.o(Region$$Table)
    conversion_flag                          0x20000000   Data           1  main.o(.data)
    fy0                                      0x20000002   Data           2  main.o(.data)
    fy1                                      0x20000004   Data           2  main.o(.data)
    fy2                                      0x20000006   Data           2  main.o(.data)
    v                                        0x20000008   Data           2  main.o(.data)
    y                                        0x2000000a   Data           2  main.o(.data)
    u                                        0x2000000c   Data           2  main.o(.data)
    tmp                                      0x2000000e   Data           2  main.o(.data)
    ret1                                     0x20000010   Data           2  main.o(.data)
    c0                                       0x20000014   Data           4  main.o(.data)
    c1                                       0x20000018   Data           4  main.o(.data)
    c2                                       0x2000001c   Data           4  main.o(.data)
    coeff                                    0x20000020   Data           4  main.o(.data)
    x                                        0x20000024   Data           4  main.o(.data)
    calf                                     0x20000028   Data           4  main.o(.data)
    app_start                                0x2000002c   Data           4  main.o(.data)
    calu                                     0x20000030   Data           4  main.o(.data)
    caly                                     0x20000034   Data           4  main.o(.data)
    calv                                     0x20000038   Data           4  main.o(.data)
    calu1                                    0x2000003c   Data           4  main.o(.data)
    caly1                                    0x20000040   Data           4  main.o(.data)
    calv1                                    0x20000044   Data           4  main.o(.data)
    calu11                                   0x20000048   Data           4  main.o(.data)
    caly11                                   0x2000004c   Data           4  main.o(.data)
    calv11                                   0x20000050   Data           4  main.o(.data)
    UART_TXBuffer                            0x20000054   Data           4  main.o(.data)
    UART_TXCount                             0x20000058   Data           4  main.o(.data)
    UART_TXIndex                             0x2000005c   Data           4  main.o(.data)
    inputch0                                 0x20000060   Data           4  main.o(.data)
    inputch1                                 0x20000064   Data           4  main.o(.data)
    inputch2                                 0x20000068   Data           4  main.o(.data)
    hexu                                     0x2000006c   Data           4  main.o(.data)
    hexy                                     0x20000070   Data           4  main.o(.data)
    hexv                                     0x20000074   Data           4  main.o(.data)
    hex                                      0x20000078   Data           4  main.o(.data)
    i                                        0x2000007c   Data           4  main.o(.data)
    n                                        0x20000080   Data           4  main.o(.data)
    buff                                     0x20000084   Data           8  main.o(.data)
    SystemCoreClock                          0x2000008c   Data           4  system_mpf662xx.o(.data)
    CyclesPerUs                              0x20000090   Data           4  system_mpf662xx.o(.data)
    IAP_Flash_Param                          0x200000a8   Data           4  mpf662xx_flash.o(.data)
    IAP_Flash_Erase                          0x200000ac   Data           4  mpf662xx_flash.o(.data)
    IAP_Flash_Write                          0x200000b0   Data           4  mpf662xx_flash.o(.data)
    Serial_TxPacket                          0x200000b8   Data          10  main.o(.bss)
    __initial_sp                             0x200004c8   Data           0  startup_mpf662xx.o(STACK)



==============================================================================

Memory Map of the image

  Image Entry point : 0x00000121

  Load Region LR_IROM1 (Base: 0x00000000, Size: 0x0000205c, Max: 0x00010000, ABSOLUTE)

    Execution Region ER_IROM1 (Exec base: 0x00000000, Load base: 0x00000000, Size: 0x00001fa4, Max: 0x00010000, ABSOLUTE)

    Exec Addr    Load Addr    Size         Type   Attr      Idx    E Section Name        Object

    0x00000000   0x00000000   0x00000120   Code   RO          167    RESET               startup_mpf662xx.o
    0x00000120   0x00000120   0x00000000   Code   RO          429  * .ARM.Collect$$$$00000000  mc_p.l(entry.o)
    0x00000120   0x00000120   0x00000004   Code   RO          452    .ARM.Collect$$$$00000001  mc_p.l(entry2.o)
    0x00000124   0x00000124   0x00000004   Code   RO          455    .ARM.Collect$$$$00000004  mc_p.l(entry5.o)
    0x00000128   0x00000128   0x00000000   Code   RO          457    .ARM.Collect$$$$00000008  mc_p.l(entry7b.o)
    0x00000128   0x00000128   0x00000000   Code   RO          459    .ARM.Collect$$$$0000000A  mc_p.l(entry8b.o)
    0x00000128   0x00000128   0x00000008   Code   RO          460    .ARM.Collect$$$$0000000B  mc_p.l(entry9a.o)
    0x00000130   0x00000130   0x00000000   Code   RO          462    .ARM.Collect$$$$0000000D  mc_p.l(entry10a.o)
    0x00000130   0x00000130   0x00000000   Code   RO          464    .ARM.Collect$$$$0000000F  mc_p.l(entry11a.o)
    0x00000130   0x00000130   0x00000004   Code   RO          453    .ARM.Collect$$$$00002712  mc_p.l(entry2.o)
    0x00000134   0x00000134   0x00000588   Code   RO            3    .text               main.o
    0x000006bc   0x000006bc   0x000002ec   Code   RO          134    .text               system_mpf662xx.o
    0x000009a8   0x000009a8   0x000004c8   Code   RO          173    .text               mpf662xx_adc.o
    0x00000e70   0x00000e70   0x0000007c   Code   RO          215    .text               mpf662xx_flash.o
    0x00000eec   0x00000eec   0x000001ac   Code   RO          238    .text               mpf662xx_gpio.o
    0x00001098   0x00001098   0x00000050   Code   RO          281    .text               mpf662xx_port.o
    0x000010e8   0x000010e8   0x000003dc   Code   RO          321    .text               mpf662xx_timr.o
    0x000014c4   0x000014c4   0x000002e4   Code   RO          341    .text               mpf662xx_uart.o
    0x000017a8   0x000017a8   0x000000a4   Code   RO          361    .text               mpf662xx_wdt.o
    0x0000184c   0x0000184c   0x0000002c   Code   RO          432    .text               mc_p.l(uidiv.o)
    0x00001878   0x00001878   0x0000007a   Code   RO          434    .text               mf_p.l(fmul.o)
    0x000018f2   0x000018f2   0x0000007c   Code   RO          436    .text               mf_p.l(fdiv.o)
    0x0000196e   0x0000196e   0x00000002   PAD
    0x00001970   0x00001970   0x000000d0   Code   RO          438    .text               mf_p.l(dmul.o)
    0x00001a40   0x00001a40   0x00000016   Code   RO          440    .text               mf_p.l(fflti.o)
    0x00001a56   0x00001a56   0x00000002   PAD
    0x00001a58   0x00001a58   0x0000001c   Code   RO          442    .text               mf_p.l(dfltui.o)
    0x00001a74   0x00001a74   0x00000028   Code   RO          444    .text               mf_p.l(ffixui.o)
    0x00001a9c   0x00001a9c   0x0000003c   Code   RO          446    .text               mf_p.l(dfixui.o)
    0x00001ad8   0x00001ad8   0x00000028   Code   RO          448    .text               mf_p.l(f2d.o)
    0x00001b00   0x00001b00   0x00000038   Code   RO          450    .text               mf_p.l(d2f.o)
    0x00001b38   0x00001b38   0x00000022   Code   RO          466    .text               mc_p.l(llushr.o)
    0x00001b5a   0x00001b5a   0x00000000   Code   RO          475    .text               mc_p.l(iusefp.o)
    0x00001b5a   0x00001b5a   0x00000082   Code   RO          476    .text               mf_p.l(fepilogue.o)
    0x00001bdc   0x00001bdc   0x000000b2   Code   RO          478    .text               mf_p.l(fadd.o)
    0x00001c8e   0x00001c8e   0x0000003e   Code   RO          480    .text               mf_p.l(frnd.o)
    0x00001ccc   0x00001ccc   0x000000be   Code   RO          482    .text               mf_p.l(depilogue.o)
    0x00001d8a   0x00001d8a   0x000000a2   Code   RO          486    .text               mf_p.l(dsqrt.o)
    0x00001e2c   0x00001e2c   0x00000024   Code   RO          490    .text               mc_p.l(init.o)
    0x00001e50   0x00001e50   0x00000020   Code   RO          492    .text               mc_p.l(llshl.o)
    0x00001e70   0x00001e70   0x0000002e   Code   RO          484    i.__ARM_clz         mf_p.l(depilogue.o)
    0x00001e9e   0x00001e9e   0x0000000e   Code   RO          496    i.__scatterload_copy  mc_p.l(handlers.o)
    0x00001eac   0x00001eac   0x00000002   Code   RO          497    i.__scatterload_null  mc_p.l(handlers.o)
    0x00001eae   0x00001eae   0x0000000e   Code   RO          498    i.__scatterload_zeroinit  mc_p.l(handlers.o)
    0x00001ebc   0x00001ebc   0x0000000c   Code   RO          470    i.__set_errno       mc_p.l(errno.o)
    0x00001ec8   0x00001ec8   0x00000074   Code   RO          427    i.roundf            m_ps.l(roundf.o)
    0x00001f3c   0x00001f3c   0x00000048   Code   RO          420    i.sqrt              m_ps.l(sqrt.o)
    0x00001f84   0x00001f84   0x00000020   Data   RO          494    Region$$Table       anon$$obj.o


    Execution Region RW_IRAM1 (Exec base: 0x20000000, Load base: 0x00001fa4, Size: 0x000004c8, Max: 0x00002000, ABSOLUTE)

    Exec Addr    Load Addr    Size         Type   Attr      Idx    E Section Name        Object

    0x20000000   0x00001fa4   0x0000008c   Data   RW            8    .data               main.o
    0x2000008c   0x00002030   0x00000008   Data   RW          135    .data               system_mpf662xx.o
    0x20000094   0x00002038   0x00000014   Data   RW          174    .data               mpf662xx_adc.o
    0x200000a8   0x0000204c   0x0000000c   Data   RW          216    .data               mpf662xx_flash.o
    0x200000b4   0x00002058   0x00000004   Data   RW          471    .data               mc_p.l(errno.o)
    0x200000b8        -       0x0000000a   Zero   RW            4    .bss                main.o
    0x200000c2   0x0000205c   0x00000006   PAD
    0x200000c8        -       0x00000400   Zero   RW          165    STACK               startup_mpf662xx.o


==============================================================================

Image component sizes


      Code (inc. data)   RO Data    RW Data    ZI Data      Debug   Object Name

      1416         88          0        140         10      82583   main.o
      1224         58          0         20          0       6070   mpf662xx_adc.o
       124         22          0         12          0       2324   mpf662xx_flash.o
       428         14          0          0          0       4711   mpf662xx_gpio.o
         0          0          0          0          0       5792   mpf662xx_i2c.o
        80          0          0          0          0       1360   mpf662xx_port.o
       988         24          0          0          0       7191   mpf662xx_timr.o
       740         22          0          0          0       6373   mpf662xx_uart.o
       164          4          0          0          0       2346   mpf662xx_wdt.o
       288        206          0          0       1024       2084   startup_mpf662xx.o
       748         48          0          8          0       2444   system_mpf662xx.o

    ----------------------------------------------------------------------
      6200        486         32        180       1040     123278   Object Totals
         0          0         32          0          0          0   (incl. Generated)
         0          0          0          0          6          0   (incl. Padding)

    ----------------------------------------------------------------------

      Code (inc. data)   RO Data    RW Data    ZI Data      Debug   Library Member Name

       116          0          0          0          0         72   roundf.o
        72          6          0          0          0         76   sqrt.o
         0          0          0          0          0          0   entry.o
         0          0          0          0          0          0   entry10a.o
         0          0          0          0          0          0   entry11a.o
         8          4          0          0          0          0   entry2.o
         4          0          0          0          0          0   entry5.o
         0          0          0          0          0          0   entry7b.o
         0          0          0          0          0          0   entry8b.o
         8          4          0          0          0          0   entry9a.o
        12          6          0          4          0         60   errno.o
        30          0          0          0          0          0   handlers.o
        36          8          0          0          0         68   init.o
         0          0          0          0          0          0   iusefp.o
        32          0          0          0          0         68   llshl.o
        34          0          0          0          0         68   llushr.o
        44          0          0          0          0         72   uidiv.o
        56          0          0          0          0         68   d2f.o
       236          0          0          0          0        216   depilogue.o
        60         10          0          0          0         68   dfixui.o
        28          4          0          0          0         68   dfltui.o
       208          6          0          0          0         88   dmul.o
       162          0          0          0          0         80   dsqrt.o
        40          0          0          0          0         60   f2d.o
       178          0          0          0          0        108   fadd.o
       124          0          0          0          0         72   fdiv.o
       130          0          0          0          0        144   fepilogue.o
        40          0          0          0          0         60   ffixui.o
        22          0          0          0          0         68   fflti.o
       122          0          0          0          0         72   fmul.o
        62          0          0          0          0         68   frnd.o

    ----------------------------------------------------------------------
      1868         48          0          4          0       1724   Library Totals
         4          0          0          0          0          0   (incl. Padding)

    ----------------------------------------------------------------------

      Code (inc. data)   RO Data    RW Data    ZI Data      Debug   Library Name

       188          6          0          0          0        148   m_ps.l
       208         22          0          4          0        336   mc_p.l
      1468         20          0          0          0       1240   mf_p.l

    ----------------------------------------------------------------------
      1868         48          0          4          0       1724   Library Totals

    ----------------------------------------------------------------------

==============================================================================


      Code (inc. data)   RO Data    RW Data    ZI Data      Debug   

      8068        534         32        184       1040     123438   Grand Totals
      8068        534         32        184       1040     123438   ELF Image Totals
      8068        534         32        184          0          0   ROM Totals

==============================================================================

    Total RO  Size (Code + RO Data)                 8100 (   7.91kB)
    Total RW  Size (RW Data + ZI Data)              1224 (   1.20kB)
    Total ROM Size (Code + RO Data + RW Data)       8284 (   8.09kB)

==============================================================================

